[0m
[0;32mI (222)ets Jul 29 2019 12:21:46

rst:0x1 (POWERON_RESET),boot:0x13 (SPI_FAST_FLASH_BOOT)
configsip: 0, SPIWP:0xee
clk_drv:0x00,q_drv:0x00,d_drv:0x00,cs0_drv:0x00,hd_drv:0x00,wp_drv:0x00
mode:DIO, clock div:2
load:0x3fff0030,len:7172
load:0x40078000,len:15540
load:0x40080400,len:4
ho 8 tail 4 room 4
load:0x40080404,len:3904
entry 0x40080640
[0;32mI (31) boot: ESP-IDF v5.2.1 2nd stage bootloader[0m
[0;32mI (31) boot: compile time Apr 12 2024 00:38:33[0m
[0;32mI (31) boot: Multicore bootloader[0m
[0;32mI (35) boot: chip revision: v3.1[0m
[0;32mI (39) boot.esp32: SPI Speed      : 40MHz[0m
[0;32mI (44) boot.esp32: SPI Mode       : DIO[0m
[0;32mI (48) boot.esp32: SPI Flash Size : 2MB[0m
[0;32mI (53) boot: Enabling RNG early entropy source...[0m
[0;32mI (58) boot: Partition Table:[0m
[0;32mI (62) boot: ## Label            Usage          Type ST Offset   Length[0m
[0;32mI (69) boot:  0 nvs              WiFi data        01 02 00009000 00006000[0m
[0;32mI (77) boot:  1 phy_init         RF data          01 01 0000f000 00001000[0m
[0;32mI (84) boot:  2 factory          factory app      00 00 00010000 00100000[0m
[0;32mI (92) boot: End of partition table[0m
[0;32mI (96) esp_image: segment 0: paddr=00010020 vaddr=3f400020 size=09e30h ( 40496) map[0m
[0;32mI (118) esp_image: segment 1: paddr=00019e58 vaddr=3ffb0000 size=02214h (  8724) load[0m
[0;32mI (122) esp_image: segment 2: paddr=0001c074 vaddr=40080000 size=03fa4h ( 16292) load[0m
[0;32mI (130) esp_image: segment 3: paddr=00020020 vaddr=400d0020 size=1d87ch (120956) map[0m
[0;32mI (174) esp_image: segment 4: paddr=0003d8a4 vaddr=40083fa4 size=0878ch ( 34700) load[0m
[0;32mI (194) boot: Loaded app from partition at offset 0x10000[0m
[0;32mI (194) boot: Disabling RNG early entropy source...[0m
[0;32mI (205) cpu_start: Multicore app[0m
[0;32mI (214) cpu_start: Pro cpu start user code[0m
[0;32mI (214) cpu_start: cpu freq: 160000000 Hz[0m
[0;32mI (214) cpu_start: Application information:[0m
[0;32mI (217) cpu_start: Project name:     do_an_ADC[0m
[0;32mI (222) cpu_start: App version:      1[0m
[0;32mI (227) cpu_start: Compile time:     Apr 12 2024 00:47:30[0m
[0;32mI (233) cpu_start: ELF file SHA256:  214c211e3...[0m
[0;32mI (238) cpu_start: ESP-IDF:          v5.2.1[0m
[0;32mI (243) cpu_start: Min chip rev:     v0.0[0m
[0;32mI (248) cpu_start: Max chip rev:     v3.99 [0m
[0;32mI (253) cpu_start: Chip rev:         v3.1[0m
[0;32mI (258) heap_init: Initializing. RAM available for dynamic allocation:[0m
[0;32mI (265) heap_init: At 3FFAE6E0 len 00001920 (6 KiB): DRAM[0m
[0;32mI (271) heap_init: At 3FFB2AE0 len 0002D520 (181 KiB): DRAM[0m
[0;32mI (277) heap_init: At 3FFE0440 len 00003AE0 (14 KiB): D/IRAM[0m
[0;32mI (283) heap_init: At 3FFE4350 len 0001BCB0 (111 KiB): D/IRAM[0m
[0;32mI (290) heap_init: At 4008C730 len 000138D0 (78 KiB): IRAM[0m
[0;32mI (297) spi_flash: detected chip: generic[0m
[0;32mI (301) spi_flash: flash io: dio[0m
[0;33mW (305) spi_flash: Detected size(4096k) larger than the size in the binary image header(2048k). Using the size in the binary image header.[0m
[0;33mW (318) ADC: legacy driver is deprecated, please migrate to `esp_adc/adc_oneshot.h`[0m
[0;32mI (327) main_task: Started on CPU0[0m
[0;32mI (337) main_task: Calling app_main()[0m
Guru Meditation Error: Core  0 panic'ed (LoadProhibited). Exception was unhandled.

Core  0 register dump:
PC      : 0x40087354  PS      : 0x00060033  A0      : 0x800867b2  A1      : 0x3ffb0e10  
A2      : 0x00000000  A3      : 0x3ffb61a0  A4      : 0x3ffb60b4  A5      : 0x3ffb607c  
A6      : 0x00000000  A7      : 0x00000004  A8      : 0xb03761b4  A9      : 0x3ffb2540  
A10     : 0x00000001  A11     : 0xffffffff  A12     : 0x00000004  A13     : 0x00060023  
A14     : 0x00000070  A15     : 0x0000cdcd  SAR     : 0x00000004  EXCCAUSE: 0x0000001c  
EXCVADDR: 0xb03761b4  LBEG    : 0x400014fd  LEND    : 0x4000150d  LCOUNT  : 0xffffffe5  


Backtrace: 0x40087351:0x3ffb0e10 0x400867af:0x3ffb0e30 0x400864e9:0x3ffb0e50 0x40082f5a:0x3ffb0e60 0x4000c525:0x3ffb6240 0x400d551e:0x3ffb6260 0x40086021:0x3ffb6ae0




ELF file SHA256: 214c211e3

Rebooting...
ets Jul 29 2019 12:21:46

rst:0xc (SW_CPU_RESET),boot:0x13 (SPI_FAST_FLASH_BOOT)
configsip: 0, SPIWP:0xee
clk_drv:0x00,q_drv:0x00,d_drv:0x00,cs0_drv:0x00,hd_drv:0x00,wp_drv:0x00
mode:DIO, clock div:2
load:0x3fff0030,len:7172
load:0x40078000,len:15540
load:0x40080400,len:4
ho 8 tail 4 room 4
load:0x40080404,len:3904
entry 0x40080640
[0;32mI (31) boot: ESP-IDF v5.2.1 2nd stage bootloader[0m
[0;32mI (31) boot: compile time Apr 12 2024 00:38:33[0m
[0;32mI (31) boot: Multicore bootloader[0m
[0;32mI (35) boot: chip revision: v3.1[0m
[0;32mI (39) boot.esp32: SPI Speed      : 40MHz[0m
[0;32mI (44) boot.esp32: SPI Mode       : DIO[0m
[0;32mI (48) boot.esp32: SPI Flash Size : 2MB[0m
[0;32mI (53) boot: Enabling RNG early entropy source...[0m
[0;32mI (58) boot: Partition Table:[0m
[0;32mI (62) boot: ## Label            Usage          Type ST Offset   Length[0m
[0;32mI (69) boot:  0 nvs              WiFi data        01 02 00009000 00006000[0m
[0;32mI (76) boot:  1 phy_init         RF data          01 01 0000f000 00001000[0m
[0;32mI (84) boot:  2 factory          factory app      00 00 00010000 00100000[0m
[0;32mI (91) boot: End of partition table[0m
[0;32mI (96) esp_image: segment 0: paddr=00010020 vaddr=3f400020 size=09e30h ( 40496) map[0m
[0;32mI (118) esp_image: segment 1: paddr=00019e58 vaddr=3ffb0000 size=02214h (  8724) load[0m
[0;32mI (122) esp_image: segment 2: paddr=0001c074 vaddr=40080000 size=03fa4h ( 16292) load[0m
[0;32mI (130) esp_image: segment 3: paddr=00020020 vaddr=400d0020 size=1d87ch (120956) map[0m
[0;32mI (174) esp_image: segment 4: paddr=0003d8a4 vaddr=40083fa4 size=0878ch ( 34700) load[0m
[0;32mI (194) boot: Loaded app from partition at offset 0x10000[0m
[0;32mI (194) boot: Disabling RNG early entropy source...[0m
[0;32mI (205) cpu_start: Multicore app[0m
[0;32mI (214) cpu_start: Pro cpu start user code[0m
[0;32mI (214) cpu_start: cpu freq: 160000000 Hz[0m
[0;32mI (214) cpu_start: Application information:[0m
[0;32mI (217) cpu_start: Project name:     do_an_ADC[0m
[0;32mI (222) cpu_start: App version:      1[0m
[0;32mI (227) cpu_start: Compile time:     Apr 12 2024 00:47:30[0m
[0;32mI (233) cpu_start: ELF file SHA256:  214c211e3...[0m
[0;32mI (238) cpu_start: ESP-IDF:          v5.2.1[0m
[0;32mI (243) cpu_start: Min chip rev:     v0.0[0m
[0;32mI (248) cpu_start: Max chip rev:     v3.99 [0m
[0;32mI (253) cpu_start: Chip rev:         v3.1[0m
[0;32mI (258) heap_init: Initializing. RAM available for dynamic allocation:[0m
[0;32mI (265) heap_init: At 3FFAE6E0 len 00001920 (6 KiB): DRAM[0m
[0;32mI (271) heap_init: At 3FFB2AE0 len 0002D520 (181 KiB): DRAM[0m
[0;32mI (277) heap_init: At 3FFE0440 len 00003AE0 (14 KiB): D/IRAM[0m
[0;32mI (283) heap_init: At 3FFE4350 len 0001BCB0 (111 KiB): D/IRAM[0m
[0;32mI (290) heap_init: At 4008C730 len 000138D0 (78 KiB): IRAM[0m
[0;32mI (297) spi_flash: detected chip: generic[0m
[0;32mI (301) spi_flash: flash io: dio[0m
[0;33mW (304) spi_flash: Detected size(4096k) larger than the size in the binary image header(2048k). Using the size in the binary image header.[0m
[0;33mW (318) ADC: legacy driver is deprecated, please migrate to `esp_adc/adc_oneshot.h`[0m
[0;32mI (327) main_task: Started on CPU0[0m
[0;32mI (337) main_task: Calling app_main()[0m
Guru Meditation Error: Core  0 panic'ed (LoadProhibited). Exception was unhandled.

Core  0 register dump:
PC      : 0x40087354  PS      : 0x00060033  A0      : 0x800867b2  A1      : 0x3ffb0e10  
A2      : 0x00000000  A3      : 0x3ffb61a0  A4      : 0x3ffb60b4  A5      : 0x3ffb607c  
A6      : 0x00000000  A7      : 0x00000004  A8      : 0xaffb61b4  A9      : 0x3ffb2540  
A10     : 0x00000001  A11     : 0xffffffff  A12     : 0x00000004  A13     : 0x00060023  
A14     : 0x00000070  A15     : 0x0000cdcd  SAR     : 0x00000004  EXCCAUSE: 0x0000001c  
EXCVADDR: 0xaffb61b4  LBEG    : 0x400014fd  LEND    : 0x4000150d  LCOUNT  : 0xffffffe5  


Backtrace: 0x40087351:0x3ffb0e10 0x400867af:0x3ffb0e30 0x400864e9:0x3ffb0e50 0x40082f5a:0x3ffb0e60 0x4000c52a:0x3ffb6240 0x400d551e:0x3ffb6260 0x40086021:0x3ffb6ae0




ELF file SHA256: 214c211e3

Rebooting...
ets Jul 29 2019 12:21:46

rst:0xc (SW_CPU_RESET),boot:0x13 (SPI_FAST_FLASH_BOOT)
configsip: 0, SPIWP:0xee
clk_drv:0x00,q_drv:0x00,d_drv:0x00,cs0_drv:0x00,hd_drv:0x00,wp_drv:0x00
mode:DIO, clock div:2
load:0x3fff0030,len:7172
load:0x40078000,len:15540
load:0x40080400,len:4
ho 8 tail 4 room 4
load:0x40080404,len:3904
entry 0x40080640
[0;32mI (31) boot: ESP-IDF v5.2.1 2nd stage bootloader[0m
[0;32mI (31) boot: compile time Apr 12 2024 00:38:33[0m
[0;32mI (31) boot: Multicore bootloader[0m
[0;32mI (35) boot: chip revision: v3.1[0m
[0;32mI (39) boot.esp32: SPI Speed      : 40MHz[0m
[0;32mI (44) boot.esp32: SPI Mode       : DIO[0m
[0;32mI (48) boot.esp32: SPI Flash Size : 2MB[0m
[0;32mI (53) boot: Enabling RNG early entropy source...[0m
[0;32mI (58) boot: Partition Table:[0m
[0;32mI (62) boot: ## Label            Usage          Type ST Offset   Length[0m
[0;32mI (69) boot:  0 nvs              WiFi data        01 02 00009000 00006000[0m
[0;32mI (76) boot:  1 phy_init         RF data          01 01 0000f000 00001000[0m
[0;32mI (84) boot:  2 factory          factory app      00 00 00010000 00100000[0m
[0;32mI (91) boot: End of partition table[0m
[0;32mI (96) esp_image: segment 0: paddr=00010020 vaddr=3f400020 size=09e30h ( 40496) map[0m
[0;32mI (118) esp_image: segment 1: paddr=00019e58 vaddr=3ffb0000 size=02214h (  8724) load[0m
[0;32mI (122) esp_image: segment 2: paddr=0001c074 vaddr=40080000 size=03fa4h ( 16292) load[0m
[0;32mI (130) esp_image: segment 3: paddr=00020020 vaddr=400d0020 size=1d87ch (120956) map[0m
[0;32mI (174) esp_image: segment 4: paddr=0003d8a4 vaddr=40083fa4 size=0878ch ( 34700) load[0m
[0;32mI (194) boot: Loaded app from partition at offset 0x10000[0m
[0;32mI (194) boot: Disabling RNG early entropy source...[0m
[0;32mI (205) cpu_start: Multicore app[0m
[0;32mI (214) cpu_start: Pro cpu start user code[0m
[0;32mI (214) cpu_start: cpu freq: 160000000 Hz[0m
[0;32mI (214) cpu_start: Application information:[0m
[0;32mI (217) cpu_start: Project name:     do_an_ADC[0m
[0;32mI (222) cpu_start: App version:      1[0m
[0;32mI (227) cpu_start: Compile time:     Apr 12 2024 00:47:30[0m
[0;32mI (233) cpu_start: ELF file SHA256:  214c211e3...[0m
[0;32mI (238) cpu_start: ESP-IDF:          v5.2.1[0m
[0;32mI (243) cpu_start: Min chip rev:     v0.0[0m
[0;32mI (248) cpu_start: Max chip rev:     v3.99 [0m
[0;32mI (253) cpu_start: Chip rev:         v3.1[0m
[0;32mI (258) heap_init: Initializing. RAM available for dynamic allocation:[0m
[0;32mI (265) heap_init: At 3FFAE6E0 len 00001920 (6 KiB): DRAM[0m
[0;32mI (271) heap_init: At 3FFB2AE0 len 0002D520 (181 KiB): DRAM[0m
[0;32mI (277) heap_init: At 3FFE0440 len 00003AE0 (14 KiB): D/IRAM[0m
[0;32mI (283) heap_init: At 3FFE4350 len 0001BCB0 (111 KiB): D/IRAM[0m
[0;32mI (290) heap_init: At 4008C730 len 000138D0 (78 KiB): IRAM[0m
[0;32mI (297) spi_flash: detected chip: generic[0m
[0;32mI (301) spi_flash: flash io: dio[0m
[0;33mW (304) spi_flash: Detected size(4096k) larger than the size in the binary image header(2048k). Using the size in the binary image header.[0m
[0;33mW (318) ADC: legacy driver is deprecated, please migrate to `esp_adc/adc_oneshot.h`[0m
[0;32mI (327) main_task: Started on CPU0[0m
[0;32mI (337) main_task: Calling app_main()[0m
Guru Meditation Error: Core  0 panic'ed (LoadProhibited). Exception was unhandled.

Core  0 register dump:
PC      : 0x40087354  PS      : 0x00060033  A0      : 0x800867b2  A1      : 0x3ffb0e10  
A2      : 0x00000000  A3      : 0x3ffb61a0  A4      : 0x3ffb60b4  A5      : 0x3ffb607c  
A6      : 0x00000000  A7      : 0x00000004  A8      : 0xb02339b4  A9      : 0x3ffb2540  
A10     : 0x00000001  A11     : 0xffffffff  A12     : 0x00000004  A13     : 0x00060023  
A14     : 0x00000070  A15     : 0x0000cdcd  SAR     : 0x00000004  EXCCAUSE: 0x0000001c  
EXCVADDR: 0xb02339b4  LBEG    : 0x400014fd  LEND    : 0x4000150d  LCOUNT  : 0xffffffe5  


Backtrace: 0x40087351:0x3ffb0e10 0x400867af:0x3ffb0e30 0x400864e9:0x3ffb0e50 0x40082f5a:0x3ffb0e60 0x4000c527:0x3ffb6240 0x400d551e:0x3ffb6260 0x40086021:0x3ffb6ae0




ELF file SHA256: 214c211e3

Rebooting...
ets Jul 29 2019 12:21:46

rst:0xc (SW_CPU_RESET),boot:0x13 (SPI_FAST_FLASH_BOOT)
configsip: 0, SPIWP:0xee
clk_drv:0x00,q_drv:0x00,d_drv:0x00,cs0_drv:0x00,hd_drv:0x00,wp_drv:0x00
mode:DIO, clock div:2
load:0x3fff0030,len:7172
load:0x40078000,len:15540
load:0x40080400,len:4
ho 8 tail 4 room 4
load:0x40080404,len:3904
entry 0x40080640
[0;32mI (31) boot: ESP-IDF v5.2.1 2nd stage bootloader[0m
[0;32mI (31) boot: compile time Apr 12 2024 00:38:33[0m
[0;32mI (31) boot: Multicore bootloader[0m
[0;32mI (35) boot: chip revision: v3.1[0m
[0;32mI (39) boot.esp32: SPI Speed      : 40MHz[0m
[0;32mI (44) boot.esp32: SPI Mode       : DIO[0m
[0;32mI (48) boot.esp32: SPI Flash Size : 2MB[0m
[0;32mI (53) boot: Enabling RNG early entropy source...[0m
[0;32mI (58) boot: Partition Table:[0m
[0;32mI (62) boot: ## Label            Usage          Type ST Offset   Length[0m
[0;32mI (69) boot:  0 nvs              WiFi data        01 02 00009000 00006000[0m
[0;32mI (76) boot:  1 phy_init         RF data          01 01 0000f000 00001000[0m
[0;32mI (84) boot:  2 factory          factory app      00 00 00010000 00100000[0m
[0;32mI (91) boot: End of partition table[0m
[0;32mI (96) esp_image: segment 0: paddr=00010020 vaddr=3f400020 size=09e30h ( 40496) map[0m
[0;32mI (118) esp_image: segment 1: paddr=00019e58 vaddr=3ffb0000 size=02214h (  8724) load[0m
[0;32mI (122) esp_image: segment 2: paddr=0001c074 vaddr=40080000 size=03fa4h ( 16292) load[0m
[0;32mI (130) esp_image: segment 3: paddr=00020020 vaddr=400d0020 size=1d87ch (120956) map[0m
[0;32mI (174) esp_image: segment 4: paddr=0003d8a4 vaddr=40083fa4 size=0878ch ( 34700) load[0m
[0;32mI (194) boot: Loaded app from partition at offset 0x10000[0m
[0;32mI (194) boot: Disabling RNG early entropy source...[0m
[0;32mI (205) cpu_start: Multicore app[0m
[0;32mI (214) cpu_start: Pro cpu start user code[0m
[0;32mI (214) cpu_start: cpu freq: 160000000 Hz[0m
[0;32mI (214) cpu_start: Application information:[0m
[0;32mI (217) cpu_start: Project name:     do_an_ADC[0m
[0;32mI (222) cpu_start: App version:      1[0m
[0;32mI (227) cpu_start: Compile time:     Apr 12 2024 00:47:30[0m
[0;32mI (233) cpu_start: ELF file SHA256:  214c211e3...[0m
[0;32mI (238) cpu_start: ESP-IDF:          v5.2.1[0m
[0;32mI (243) cpu_start: Min chip rev:     v0.0[0m
[0;32mI (248) cpu_start: Max chip rev:     v3.99 [0m
[0;32mI (253) cpu_start: Chip rev:         v3.1[0m
[0;32mI (258) heap_init: Initializing. RAM available for dynamic allocation:[0m
[0;32mI (265) heap_init: At 3FFAE6E0 len 00001920 (6 KiB): DRAM[0m
[0;32mI (271) heap_init: At 3FFB2AE0 len 0002D520 (181 KiB): DRAM[0m
[0;32mI (277) heap_init: At 3FFE0440 len 00003AE0 (14 KiB): D/IRAM[0m
[0;32mI (283) heap_init: At 3FFE4350 len 0001BCB0 (111 KiB): D/IRAM[0m
[0;32mI (290) heap_init: At 4008C730 len 000138D0 (78 KiB): IRAM[0m
[0;32mI (297) spi_flash: detected chip: generic[0m
[0;32mI (301) spi_flash: flash io: dio[0m
[0;33mW (304) spi_flash: Detected size(4096k) larger than the size in the binary image header(2048k). Using the size in the binary image header.[0m
[0;33mW (318) ADC: legacy driver is deprecated, please migrate to `esp_adc/adc_oneshot.h`[0m
[0;32mI (327) main_task: Started on CPU0[0m
[0;32mI (337) main_task: Calling app_main()[0m
Guru Meditation Error: Core  0 panic'ed (LoadProhibited). Exception was unhandled.

Core  0 register dump:
PC      : 0x40087354  PS      : 0x00060033  A0      : 0x800867b2  A1      : 0x3ffb0e10  
A2      : 0x00000000  A3      : 0x3ffb61a0  A4      : 0x3ffb60b4  A5      : 0x3ffb607c  
A6      : 0x00000000  A7      : 0x00000004  A8      : 0xb04b61b4  A9      : 0x3ffb2540  
A10     : 0x00000001  A11     : 0xffffffff  A12     : 0x00000004  A13     : 0x00060023  
A14     : 0x00000070  A15     : 0x0000cdcd  SAR     : 0x00000004  EXCCAUSE: 0x0000001c  
EXCVADDR: 0xb04b61b4  LBEG    : 0x400014fd  LEND    : 0x4000150d  LCOUNT  : 0xffffffe5  


Backtrace: 0x40087351:0x3ffb0e10 0x400867af:0x3ffb0e30 0x400864e9:0x3ffb0e50 0x40082f5a:0x3ffb0e60 0x4000c52f:0x3ffb6240 0x400d551e:0x3ffb6260 0x40086021:0x3ffb6ae0




ELF file SHA256: 214c211e3

Rebooting...
ets Jul 29 2019 12:21:46

rst:0xc (SW_CPU_RESET),boot:0x13 (SPI_FAST_FLASH_BOOT)
configsip: 0, SPIWP:0xee
clk_drv:0x00,q_drv:0x00,d_drv:0x00,cs0_drv:0x00,hd_drv:0x00,wp_drv:0x00
mode:DIO, clock div:2
load:0x3fff0030,len:7172
load:0x40078000,len:15540
load:0x40080400,len:4
ho 8 tail 4 room 4
load:0x40080404,len:3904
entry 0x40080640
[0;32mI (31) boot: ESP-IDF v5.2.1 2nd stage bootloader[0m
[0;32mI (31) boot: compile time Apr 12 2024 00:38:33[0m
[0;32mI (31) boot: Multicore bootloader[0m
[0;32mI (35) boot: chip revision: v3.1[0m
[0;32mI (39) boot.esp32: SPI Speed      : 40MHz[0m
[0;32mI (44) boot.esp32: SPI Mode       : DIO[0m
[0;32mI (48) boot.esp32: SPI Flash Size : 2MB[0m
[0;32mI (53) boot: Enabling RNG early entropy source...[0m
[0;32mI (58) boot: Partition Table:[0m
[0;32mI (62) boot: ## Label            Usage          Type ST Offset   Length[0m
[0;32mI (69) boot:  0 nvs              WiFi data        01 02 00009000 00006000[0m
[0;32mI (76) boot:  1 phy_init         RF data          01 01 0000f000 00001000[0m
[0;32mI (84) boot:  2 factory          factory app      00 00 00010000 00100000[0m
[0;32mI (91) boot: End of partition table[0m
[0;32mI (96) esp_image: segment 0: paddr=00010020 vaddr=3f400020 size=09e30h ( 40496) map[0m
[0;32mI (118) esp_image: segment 1: paddr=00019e58 vaddr=3ffb0000 size=02214h (  8724) load[0m
[0;32mI (122) esp_image: segment 2: paddr=0001c074 vaddr=40080000 size=03fa4h ( 16292) load[0m
[0;32mI (130) esp_image: segment 3: paddr=00020020 vaddr=400d0020 size=1d87ch (120956) map[0m
[0;32mI (174) esp_image: segment 4: paddr=0003d8a4 vaddr=40083fa4 size=0878ch ( 34700) load[0m
[0;32mI (194) boot: Loaded app from partition at offset 0x10000[0m
[0;32mI (194) boot: Disabling RNG early entropy source...[0m
[0;32mI (205) cpu_start: Multicore app[0m
[0;32mI (214) cpu_start: Pro cpu start user code[0m
[0;32mI (214) cpu_start: cpu freq: 160000000 Hz[0m
[0;32mI (214) cpu_start: Application information:[0m
[0;32mI (217) cpu_start: Project name:     do_an_ADC[0m
[0;32mI (222) cpu_start: App version:      1[0m
[0;32mI (227) cpu_start: Compile time:     Apr 12 2024 00:47:30[0m
[0;32mI (233) cpu_start: ELF file SHA256:  214c211e3...[0m
[0;32mI (238) cpu_start: ESP-IDF:          v5.2.1[0m
[0;32mI (243) cpu_start: Min chip rev:     v0.0[0m
[0;32mI (248) cpu_start: Max chip rev:     v3.99 [0m
[0;32mI (253) cpu_start: Chip rev:         v3.1[0m
[0;32mI (258) heap_init: Initializing. RAM available for dynamic allocation:[0m
[0;32mI (265) heap_init: At 3FFAE6E0 len 00001920 (6 KiB): DRAM[0m
[0;32mI (271) heap_init: At 3FFB2AE0 len 0002D520 (181 KiB): DRAM[0m
[0;32mI (277) heap_init: At 3FFE0440 len 00003AE0 (14 KiB): D/IRAM[0m
[0;32mI (283) heap_init: At 3FFE4350 len 0001BCB0 (111 KiB): D/IRAM[0m
[0;32mI (290) heap_init: At 4008C730 len 000138D0 (78 KiB): IRAM[0m
[0;32mI (297) spi_flash: detected chip: generic[0m
[0;32mI (301) spi_flash: flash io: dio[0m
[0;33mW (304) spi_flash: Detected size(4096k) larger than the size in the binary image header(2048k). Using the size in the binary image header.[0m
[0;33mW (318) ADC: legacy driver is deprecated, please migrate to `esp_adc/adc_oneshot.h`[0m
[0;32mI (327) main_task: Started on CPU0[0m
[0;32mI (337) main_task: Calling app_main()[0m
Guru Meditation Error: Core  0 panic'ed (LoadProhibited). Exception was unhandled.

Core  0 register dump:
PC      : 0x40087354  PS      : 0x00060033  A0      : 0x800867b2  A1      : 0x3ffb0e10  
A2      : 0x00000000  A3      : 0x3ffb61a0  A4      : 0x3ffb60b4  A5      : 0x3ffb607c  
A6      : 0x00000000  A7      : 0x00000004  A8      : 0xb00f75b4  A9      : 0x3ffb2540  
A10     : 0x00000001  A11     : 0xffffffff  A12     : 0x00000004  A13     : 0x00060023  
A14     : 0x00000070  A15     : 0x0000cdcd  SAR     : 0x00000004  EXCCAUSE: 0x0000001c  
EXCVADDR: 0xb00f75b4  LBEG    : 0x400014fd  LEND    : 0x4000150d  LCOUNT  : 0xffffffe5  


Backtrace: 0x40087351:0x3ffb0e10 0x400867af:0x3ffb0e30 0x400864e9:0x3ffb0e50 0x40082f5a:0x3ffb0e60 0x4000c52f:0x3ffb6240 0x400d551e:0x3ffb6260 0x40086021:0x3ffb6ae0




ELF file SHA256: 214c211e3

Rebooting...
ets Jul 29 2019 12:21:46

rst:0xc (SW_CPU_RESET),boot:0x13 (SPI_FAST_FLASH_BOOT)
configsip: 0, SPIWP:0xee
clk_drv:0x00,q_drv:0x00,d_drv:0x00,cs0_drv:0x00,hd_drv:0x00,wp_drv:0x00
mode:DIO, clock div:2
load:0x3fff0030,len:7172
load:0x40078000,len:15540
load:0x40080400,len:4
ho 8 tail 4 room 4
load:0x40080404,len:3904
entry 0x40080640
[0;32mI (31) boot: ESP-IDF v5.2.1 2nd stage bootloader[0m
[0;32mI (31) boot: compile time Apr 12 2024 00:38:33[0m
[0;32mI (31) boot: Multicore bootloader[0m
[0;32mI (35) boot: chip revision: v3.1[0m
[0;32mI (39) boot.esp32: SPI Speed      : 40MHz[0m
[0;32mI (44) boot.esp32: SPI Mode       : DIO[0m
[0;32mI (48) boot.esp32: SPI Flash Size : 2MB[0m
[0;32mI (53) boot: Enabling RNG early entropy source...[0m
[0;32mI (58) boot: Partition Table:[0m
[0;32mI (62) boot: ## Label            Usage          Type ST Offset   Length[0m
[0;32mI (69) boot:  0 nvs              WiFi data        01 02 00009000 00006000[0m
[0;32mI (76) boot:  1 phy_init         RF data          01 01 0000f000 00001000[0m
[0;32mI (84) boot:  2 factory          factory app      00 00 00010000 00100000[0m
[0;32mI (91) boot: End of partition table[0m
[0;32mI (96) esp_image: segment 0: paddr=00010020 vaddr=3f400020 size=09e30h ( 40496) map[0m
[0;32mI (118) esp_image: segment 1: paddr=00019e58 vaddr=3ffb0000 size=02214h (  8724) load[0m
[0;32mI (122) esp_image: segment 2: paddr=0001c074 vaddr=40080000 size=03fa4h ( 16292) load[0m
[0;32mI (130) esp_image: segment 3: paddr=00020020 vaddr=400d0020 size=1d87ch (120956) map[0m
[0;32mI (174) esp_image: segment 4: paddr=0003d8a4 vaddr=40083fa4 size=0878ch ( 34700) load[0m
[0;32mI (194) boot: Loaded app from partition at offset 0x10000[0m
[0;32mI (194) boot: Disabling RNG early entropy source...[0m
[0;32mI (205) cpu_start: Multicore app[0m
[0;32mI (214) cpu_start: Pro cpu start user code[0m
[0;32mI (214) cpu_start: cpu freq: 160000000 Hz[0m
[0;32mI (214) cpu_start: Application information:[0m
[0;32mI (217) cpu_start: Project name:     do_an_ADC[0m
[0;32mI (222) cpu_start: App version:      1[0m
[0;32mI (227) cpu_start: Compile time:     Apr 12 2024 00:47:30[0m
[0;32mI (233) cpu_start: ELF file SHA256:  214c211e3...[0m
[0;32mI (238) cpu_start: ESP-IDF:          v5.2.1[0m
[0;32mI (243) cpu_start: Min chip rev:     v0.0[0m
[0;32mI (248) cpu_start: Max chip rev:     v3.99 [0m
[0;32mI (253) cpu_start: Chip rev:         v3.1[0m
[0;32mI (258) heap_init: Initializing. RAM available for dynamic allocation:[0m
[0;32mI (265) heap_init: At 3FFAE6E0 len 00001920 (6 KiB): DRAM[0m
[0;32mI (271) heap_init: At 3FFB2AE0 len 0002D520 (181 KiB): DRAM[0m
[0;32mI (277) heap_init: At 3FFE0440 len 00003AE0 (14 KiB): D/IRAM[0m
[0;32mI (283) heap_init: At 3FFE4350 len 0001BCB0 (111 KiB): D/IRAM[0m
[0;32mI (290) heap_init: At 4008C730 len 000138D0 (78 KiB): IRAM[0m
[0;32mI (297) spi_flash: detected chip: generic[0m
[0;32mI (301) spi_flash: flash io: dio[0m
[0;33mW (304) spi_flash: Detected size(4096k) larger than the size in the binary image header(2048k). Using the size in the binary image header.[0m
[0;33mW (318) ADC: legacy driver is deprecated, please migrate to `esp_adc/adc_oneshot.h`[0m
[0;32mI (327) main_task: Started on CPU0[0m
[0;32mI (337) main_task: Calling app_main()[0m
Guru Meditation Error: Core  0 panic'ed (LoadProhibited). Exception was unhandled.

Core  0 register dump:
PC      : 0x40087354  PS      : 0x00060033  A0      : 0x800867b2  A1      : 0x3ffb0e10  
A2      : 0x00000000  A3      : 0x3ffb61a0  A4      : 0x3ffb60b4  A5      : 0x3ffb607c  
A6      : 0x00000000  A7      : 0x00000004  A8      : 0xb04b61b4  A9      : 0x3ffb2540  
A10     : 0x00000001  A11     : 0xffffffff  A12     : 0x00000004  A13     : 0x00060023  
A14     : 0x00000070  A15     : 0x0000cdcd  SAR     : 0x00000004  EXCCAUSE: 0x0000001c  
EXCVADDR: 0xb04b61b4  LBEG    : 0x400014fd  LEND    : 0x4000150d  LCOUNT  : 0xffffffe5  


Backtrace: 0x40087351:0x3ffb0e10 0x400867af:0x3ffb0e30 0x400864e9:0x3ffb0e50 0x40082f5a:0x3ffb0e60 0x4000c527:0x3ffb6240 0x400d551e:0x3ffb6260 0x40086021:0x3ffb6ae0




ELF file SHA256: 214c211e3

Rebooting...
ets Jul 29 2019 12:21:46

rst:0xc (SW_CPU_RESET),boot:0x13 (SPI_FAST_FLASH_BOOT)
configsip: 0, SPIWP:0xee
clk_drv:0x00,q_drv:0x00,d_drv:0x00,cs0_drv:0x00,hd_drv:0x00,wp_drv:0x00
mode:DIO, clock div:2
load:0x3fff0030,len:7172
load:0x40078000,len:15540
load:0x40080400,len:4
ho 8 tail 4 room 4
load:0x40080404,len:3904
entry 0x40080640
[0;32mI (31) boot: ESP-IDF v5.2.1 2nd stage bootloader[0m
[0;32mI (31) boot: compile time Apr 12 2024 00:38:33[0m
[0;32mI (31) boot: Multicore bootloader[0m
[0;32mI (35) boot: chip revision: v3.1[0m
[0;32mI (39) boot.esp32: SPI Speed      : 40MHz[0m
[0;32mI (44) boot.esp32: SPI Mode       : DIO[0m
[0;32mI (48) boot.esp32: SPI Flash Size : 2MB[0m
[0;32mI (53) boot: Enabling RNG early entropy source...[0m
[0;32mI (58) boot: Partition Table:[0m
[0;32mI (62) boot: ## Label            Usage          Type ST Offset   Length[0m
[0;32mI (69) boot:  0 nvs              WiFi data        01 02 00009000 00006000[0m
[0;32mI (76) boot:  1 phy_init         RF data          01 01 0000f000 00001000[0m
[0;32mI (84) boot:  2 factory          factory app      00 00 00010000 00100000[0m
[0;32mI (91) boot: End of partition table[0m
[0;32mI (96) esp_image: segment 0: paddr=00010020 vaddr=3f400020 size=09e30h ( 40496) map[0m
[0;32mI (118) esp_image: segment 1: paddr=00019e58 vaddr=3ffb0000 size=02214h (  8724) load[0m
[0;32mI (122) esp_image: segment 2: paddr=0001c074 vaddr=40080000 size=03fa4h ( 16292) load[0m
[0;32mI (130) esp_image: segment 3: paddr=00020020 vaddr=400d0020 size=1d87ch (120956) map[0m
[0;32mI (174) esp_image: segment 4: paddr=0003d8a4 vaddr=40083fa4 size=0878ch ( 34700) load[0m
[0;32mI (194) boot: Loaded app from partition at offset 0x10000[0m
[0;32mI (194) boot: Disabling RNG early entropy source...[0m
[0;32mI (205) cpu_start: Multicore app[0m
[0;32mI (214) cpu_start: Pro cpu start user code[0m
[0;32mI (214) cpu_start: cpu freq: 160000000 Hz[0m
[0;32mI (214) cpu_start: Application information:[0m
[0;32mI (217) cpu_start: Project name:     do_an_ADC[0m
[0;32mI (222) cpu_start: App version:      1[0m
[0;32mI (227) cpu_start: Compile time:     Apr 12 2024 00:47:30[0m
[0;32mI (233) cpu_start: ELF file SHA256:  214c211e3...[0m
[0;32mI (238) cpu_start: ESP-IDF:          v5.2.1[0m
[0;32mI (243) cpu_start: Min chip rev:     v0.0[0m
[0;32mI (248) cpu_start: Max chip rev:     v3.99 [0m
[0;32mI (253) cpu_start: Chip rev:         v3.1[0m
[0;32mI (258) heap_init: Initializing. RAM available for dynamic allocation:[0m
[0;32mI (265) heap_init: At 3FFAE6E0 len 00001920 (6 KiB): DRAM[0m
[0;32mI (271) heap_init: At 3FFB2AE0 len 0002D520 (181 KiB): DRAM[0m
[0;32mI (277) heap_init: At 3FFE0440 len 00003AE0 (14 KiB): D/IRAM[0m
[0;32mI (283) heap_init: At 3FFE4350 len 0001BCB0 (111 KiB): D/IRAM[0m
[0;32mI (290) heap_init: At 4008C730 len 000138D0 (78 KiB): IRAM[0m
[0;32mI (297) spi_flash: detected chip: generic[0m
[0;32mI (301) spi_flash: flash io: dio[0m
[0;33mW (304) spi_flash: Detected size(4096k) larger than the size in the binary image header(2048k). Using the size in the binary image header.[0m
[0;33mW (318) ADC: legacy driver is deprecated, please migrate to `esp_adc/adc_oneshot.h`[0m
[0;32mI (327) main_task: Started on CPU0[0m
[0;32mI (337) main_task: Calling app_main()[0m
Guru Meditation Error: Core  0 panic'ed (LoadProhibited). Exception was unhandled.

Core  0 register dump:
PC      : 0x40087354  PS      : 0x00060033  A0      : 0x800867b2  A1      : 0x3ffb0e10  
A2      : 0x00000000  A3      : 0x3ffb61a0  A4      : 0x3ffb60b4  A5      : 0x3ffb607c  
A6      : 0x00000000  A7      : 0x00000004  A8      : 0xb00f75b4  A9      : 0x3ffb2540  
A10     : 0x00000001  A11     : 0xffffffff  A12     : 0x00000004  A13     : 0x00060023  
A14     : 0x00000070  A15     : 0x0000cdcd  SAR     : 0x00000004  EXCCAUSE: 0x0000001c  
EXCVADDR: 0xb00f75b4  LBEG    : 0x400014fd  LEND    : 0x4000150d  LCOUNT  : 0xffffffe5  


Backtrace: 0x40087351:0x3ffb0e10 0x400867af:0x3ffb0e30 0x400864e9:0x3ffb0e50 0x40082f5a:0x3ffb0e60 0x4000c52f:0x3ffb6240 0x400d551e:0x3ffb6260 0x40086021:0x3ffb6ae0




ELF file SHA256: 214c211e3

Rebooting...
ets Jul 29 2019 12:21:46

rst:0xc (SW_CPU_RESET),boot:0x13 (SPI_FAST_FLASH_BOOT)
configsip: 0, SPIWP:0xee
clk_drv:0x00,q_drv:0x00,d_drv:0x00,cs0_drv:0x00,hd_drv:0x00,wp_drv:0x00
mode:DIO, clock div:2
load:0x3fff0030,len:7172
load:0x40078000,len:15540
load:0x40080400,len:4
ho 8 tail 4 room 4
load:0x40080404,len:3904
entry 0x40080640
[0;32mI (31) boot: ESP-IDF v5.2.1 2nd stage bootloader[0m
[0;32mI (31) boot: compile time Apr 12 2024 00:38:33[0m
[0;32mI (31) boot: Multicore bootloader[0m
[0;32mI (35) boot: chip revision: v3.1[0m
[0;32mI (39) boot.esp32: SPI Speed      : 40MHz[0m
[0;32mI (44) boot.esp32: SPI Mode       : DIO[0m
[0;32mI (48) boot.esp32: SPI Flash Size : 2MB[0m
[0;32mI (53) boot: Enabling RNG early entropy source...[0m
[0;32mI (58) boot: Partition Table:[0m
[0;32mI (62) boot: ## Label            Usage          Type ST Offset   Length[0m
[0;32mI (69) boot:  0 nvs              WiFi data        01 02 00009000 00006000[0m
[0;32mI (76) boot:  1 phy_init         RF data          01 01 0000f000 00001000[0m
[0;32mI (84) boot:  2 factory          factory app      00 00 00010000 00100000[0m
[0;32mI (91) boot: End of partition table[0m
[0;32mI (96) esp_image: segment 0: paddr=00010020 vaddr=3f400020 size=09e30h ( 40496) map[0m
[0;32mI (118) esp_image: segment 1: paddr=00019e58 vaddr=3ffb0000 size=02214h (  8724) load[0m
[0;32mI (122) esp_image: segment 2: paddr=0001c074 vaddr=40080000 size=03fa4h ( 16292) load[0m
[0;32mI (130) esp_image: segment 3: paddr=00020020 vaddr=400d0020 size=1d87ch (120956) map[0m
[0;32mI (174) esp_image: segment 4: paddr=0003d8a4 vaddr=40083fa4 size=0878ch ( 34700) load[0m
[0;32mI (194) boot: Loaded app from partition at offset 0x10000[0m
[0;32mI (194) boot: Disabling RNG early entropy source...[0m
[0;32mI (205) cpu_start: Multicore app[0m
[0;32mI (214) cpu_start: Pro cpu start user code[0m
[0;32mI (214) cpu_start: cpu freq: 160000000 Hz[0m
[0;32mI (214) cpu_start: Application information:[0m
[0;32mI (217) cpu_start: Project name:     do_an_ADC[0m
[0;32mI (222) cpu_start: App version:      1[0m
[0;32mI (227) cpu_start: Compile time:     Apr 12 2024 00:47:30[0m
[0;32mI (233) cpu_start: ELF file SHA256:  214c211e3...[0m
[0;32mI (238) cpu_start: ESP-IDF:          v5.2.1[0m
[0;32mI (243) cpu_start: Min chip rev:     v0.0[0m
[0;32mI (248) cpu_start: Max chip rev:     v3.99 [0m
[0;32mI (253) cpu_start: Chip rev:         v3.1[0m
[0;32mI (258) heap_init: Initializing. RAM available for dynamic allocation:[0m
[0;32mI (265) heap_init: At 3FFAE6E0 len 00001920 (6 KiB): DRAM[0m
[0;32mI (271) heap_init: At 3FFB2AE0 len 0002D520 (181 KiB): DRAM[0m
[0;32mI (277) heap_init: At 3FFE0440 len 00003AE0 (14 KiB): D/IRAM[0m
[0;32mI (283) heap_init: At 3FFE4350 len 0001BCB0 (111 KiB): D/IRAM[0m
[0;32mI (290) heap_init: At 4008C730 len 000138D0 (78 KiB): IRAM[0m
[0;32mI (297) spi_flash: detected chip: generic[0m
[0;32mI (301) spi_flash: flash io: dio[0m
[0;33mW (304) spi_flash: Detected size(4096k) larger than the size in the binary image header(2048k). Using the size in the binary image header.[0m
[0;33mW (318) ADC: legacy driver is deprecated, please migrate to `esp_adc/adc_oneshot.h`[0m
[0;32mI (327) main_task: Started on CPU0[0m
[0;32mI (337) main_task: Calling app_main()[0m
Guru Meditation Error: Core  0 panic'ed (LoadProhibited). Exception was unhandled.

Core  0 register dump:
PC      : 0x40087354  PS      : 0x00060033  A0      : 0x800867b2  A1      : 0x3ffb0e10  
A2      : 0x00000000  A3      : 0x3ffb61a0  A4      : 0x3ffb60b4  A5      : 0x3ffb607c  
A6      : 0x00000000  A7      : 0x00000004  A8      : 0xb07389b4  A9      : 0x3ffb2540  
A10     : 0x00000001  A11     : 0xffffffff  A12     : 0x00000004  A13     : 0x00060023  
A14     : 0x00000070  A15     : 0x0000cdcd  SAR     : 0x00000004  EXCCAUSE: 0x0000001c  
EXCVADDR: 0xb07389b4  LBEG    : 0x400014fd  LEND    : 0x4000150d  LCOUNT  : 0xffffffe5  


Backtrace: 0x40087351:0x3ffb0e10 0x400867af:0x3ffb0e30 0x400864e9:0x3ffb0e50 0x40082f5a:0x3ffb0e60 0x4000c525:0x3ffb6240 0x400d551e:0x3ffb6260 0x40086021:0x3ffb6ae0




ELF file SHA256: 214c211e3

Rebooting...
ets Jul 29 2019 12:21:46

rst:0xc (SW_CPU_RESET),boot:0x13 (SPI_FAST_FLASH_BOOT)
configsip: 0, SPIWP:0xee
clk_drv:0x00,q_drv:0x00,d_drv:0x00,cs0_drv:0x00,hd_drv:0x00,wp_drv:0x00
mode:DIO, clock div:2
load:0x3fff0030,len:7172
load:0x40078000,len:15540
load:0x40080400,len:4
ho 8 tail 4 room 4
load:0x40080404,len:3904
entry 0x40080640
[0;32mI (31) boot: ESP-IDF v5.2.1 2nd stage bootloader[0m
[0;32mI (31) boot: compile time Apr 12 2024 00:38:33[0m
[0;32mI (31) boot: Multicore bootloader[0m
[0;32mI (35) boot: chip revision: v3.1[0m
[0;32mI (39) boot.esp32: SPI Speed      : 40MHz[0m
[0;32mI (44) boot.esp32: SPI Mode       : DIO[0m
[0;32mI (48) boot.esp32: SPI Flash Size : 2MB[0m
[0;32mI (53) boot: Enabling RNG early entropy source...[0m
[0;32mI (58) boot: Partition Table:[0m
[0;32mI (62) boot: ## Label            Usage          Type ST Offset   Length[0m
[0;32mI (69) boot:  0 nvs              WiFi data        01 02 00009000 00006000[0m
[0;32mI (76) boot:  1 phy_init         RF data          01 01 0000f000 00001000[0m
[0;32mI (84) boot:  2 factory          factory app      00 00 00010000 00100000[0m
[0;32mI (91) boot: End of partition table[0m
[0;32mI (96) esp_image: segment 0: paddr=00010020 vaddr=3f400020 size=09e30h ( 40496) map[0m
[0;32mI (118) esp_image: segment 1: paddr=00019e58 vaddr=3ffb0000 size=02214h (  8724) load[0m
[0;32mI (122) esp_image: segment 2: paddr=0001c074 vaddr=40080000 size=03fa4h ( 16292) load[0m
[0;32mI (130) esp_image: segment 3: paddr=00020020 vaddr=400d0020 size=1d87ch (120956) map[0m
[0;32mI (174) esp_image: segment 4: paddr=0003d8a4 vaddr=40083fa4 size=0878ch ( 34700) load[0m
[0;32mI (194) boot: Loaded app from partition at offset 0x10000[0m
[0;32mI (194) boot: Disabling RNG early entropy source...[0m
[0;32mI (205) cpu_start: Multicore app[0m
[0;32mI (214) cpu_start: Pro cpu start user code[0m
[0;32mI (214) cpu_start: cpu freq: 160000000 Hz[0m
[0;32mI (214) cpu_start: Application information:[0m
[0;32mI (217) cpu_start: Project name:     do_an_ADC[0m
[0;32mI (222) cpu_start: App version:      1[0m
[0;32mI (227) cpu_start: Compile time:     Apr 12 2024 00:47:30[0m
[0;32mI (233) cpu_start: ELF file SHA256:  214c211e3...[0m
[0;32mI (238) cpu_start: ESP-IDF:          v5.2.1[0m
[0;32mI (243) cpu_start: Min chip rev:     v0.0[0m
[0;32mI (248) cpu_start: Max chip rev:     v3.99 [0m
[0;32mI (253) cpu_start: Chip rev:         v3.1[0m
[0;32mI (258) heap_init: Initializing. RAM available for dynamic allocation:[0m
[0;32mI (265) heap_init: At 3FFAE6E0 len 00001920 (6 KiB): DRAM[0m
[0;32mI (271) heap_init: At 3FFB2AE0 len 0002D520 (181 KiB): DRAM[0m
[0;32mI (277) heap_init: At 3FFE0440 len 00003AE0 (14 KiB): D/IRAM[0m
[0;32mI (283) heap_init: At 3FFE4350 len 0001BCB0 (111 KiB): D/IRAM[0m
[0;32mI (290) heap_init: At 4008C730 len 000138D0 (78 KiB): IRAM[0m
[0;32mI (297) spi_flash: detected chip: generic[0m
[0;32mI (301) spi_flash: flash io: dio[0m
[0;33mW (304) spi_flash: Detected size(4096k) larger than the size in the binary image header(2048k). Using the size in the binary image header.[0m
[0;33mW (318) ADC: legacy driver is deprecated, please migrate to `esp_adc/adc_oneshot.h`[0m
[0;32mI (327) main_task: Started on CPU0[0m
[0;32mI (337) main_task: Calling app_main()[0m
Guru Meditation Error: Core  0 panic'ed (LoadProhibited). Exception was unhandled.

Core  0 register dump:
PC      : 0x40087354  PS      : 0x00060033  A0      : 0x800867b2  A1      : 0x3ffb0e10  
A2      : 0x00000000  A3      : 0x3ffb61a0  A4      : 0x3ffb60b4  A5      : 0x3ffb607c  
A6      : 0x00000000  A7      : 0x00000004  A8      : 0xafe775b4  A9      : 0x3ffb2540  
A10     : 0x00000001  A11     : 0xffffffff  A12     : 0x00000004  A13     : 0x00060023  
A14     : 0x00000070  A15     : 0x0000cdcd  SAR     : 0x00000004  EXCCAUSE: 0x0000001c  
EXCVADDR: 0xafe775b4  LBEG    : 0x400014fd  LEND    : 0x4000150d  LCOUNT  : 0xffffffe5  


Backtrace: 0x40087351:0x3ffb0e10 0x400867af:0x3ffb0e30 0x400864e9:0x3ffb0e50 0x40082f5a:0x3ffb0e60 0x4000c525:0x3ffb6240 0x400d551e:0x3ffb6260 0x40086021:0x3ffb6ae0




ELF file SHA256: 214c211e3

Rebooting...
ets Jul 29 2019 12:21:46

rst:0xc (SW_CPU_RESET),boot:0x13 (SPI_FAST_FLASH_BOOT)
configsip: 0, SPIWP:0xee
clk_drv:0x00,q_drv:0x00,d_drv:0x00,cs0_drv:0x00,hd_drv:0x00,wp_drv:0x00
mode:DIO, clock div:2
load:0x3fff0030,len:7172
load:0x40078000,len:15540
load:0x40080400,len:4
ho 8 tail 4 room 4
load:0x40080404,len:3904
entry 0x40080640
[0;32mI (31) boot: ESP-IDF v5.2.1 2nd stage bootloader[0m
[0;32mI (31) boot: compile time Apr 12 2024 00:38:33[0m
[0;32mI (31) boot: Multicore bootloader[0m
[0;32mI (35) boot: chip revision: v3.1[0m
[0;32mI (39) boot.esp32: SPI Speed      : 40MHz[0m
[0;32mI (44) boot.esp32: SPI Mode       : DIO[0m
[0;32mI (48) boot.esp32: SPI Flash Size : 2MB[0m
[0;32mI (53) boot: Enabling RNG early entropy source...[0m
[0;32mI (58) boot: Partition Table:[0m
[0;32mI (62) boot: ## Label            Usage          Type ST Offset   Length[0m
[0;32mI (69) boot:  0 nvs              WiFi data        01 02 00009000 00006000[0m
[0;32mI (76) boot:  1 phy_init         RF data          01 01 0000f000 00001000[0m
[0;32mI (84) boot:  2 factory          factory app      00 00 00010000 00100000[0m
[0;32mI (91) boot: End of partition table[0m
[0;32mI (96) esp_image: segment 0: paddr=00010020 vaddr=3f400020 size=09e30h ( 40496) map[0m
[0;32mI (118) esp_image: segment 1: paddr=00019e58 vaddr=3ffb0000 size=02214h (  8724) load[0m
[0;32mI (122) esp_image: segment 2: paddr=0001c074 vaddr=40080000 size=03fa4h ( 16292) load[0m
[0;32mI (130) esp_image: segment 3: paddr=00020020 vaddr=400d0020 size=1d87ch (120956) map[0m
[0;32mI (174) esp_image: segment 4: paddr=0003d8a4 vaddr=40083fa4 size=0878ch ( 34700) load[0m
[0;32mI (194) boot: Loaded app from partition at offset 0x10000[0m
[0;32mI (194) boot: Disabling RNG early entropy source...[0m
[0;32mI (205) cpu_start: Multicore app[0m
[0;32mI (214) cpu_start: Pro cpu start user code[0m
[0;32mI (214) cpu_start: cpu freq: 160000000 Hz[0m
[0;32mI (214) cpu_start: Application information:[0m
[0;32mI (217) cpu_start: Project name:     do_an_ADC[0m
[0;32mI (222) cpu_start: App version:      1[0m
[0;32mI (227) cpu_start: Compile time:     Apr 12 2024 00:47:30[0m
[0;32mI (233) cpu_start: ELF file SHA256:  214c211e3...[0m
[0;32mI (238) cpu_start: ESP-IDF:          v5.2.1[0m
[0;32mI (243) cpu_start: Min chip rev:     v0.0[0m
[0;32mI (248) cpu_start: Max chip rev:     v3.99 [0m
[0;32mI (253) cpu_start: Chip rev:         v3.1[0m
[0;32mI (258) heap_init: Initializing. RAM available for dynamic allocation:[0m
[0;32mI (265) heap_init: At 3FFAE6E0 len 00001920 (6 KiB): DRAM[0m
[0;32mI (271) heap_init: At 3FFB2AE0 len 0002D520 (181 KiB): DRAM[0m
[0;32mI (277) heap_init: At 3FFE0440 len 00003AE0 (14 KiB): D/IRAM[0m
[0;32mI (283) heap_init: At 3FFE4350 len 0001BCB0 (111 KiB): D/IRAM[0m
[0;32mI (290) heap_init: At 4008C730 len 000138D0 (78 KiB): IRAM[0m
[0;32mI (297) spi_flash: detected chip: generic[0m
[0;32mI (301) spi_flash: flash io: dio[0m
[0;33mW (304) spi_flash: Detected size(4096k) larger than the size in the binary image header(2048k). Using the size in the binary image header.[0m
[0;33mW (318) ADC: legacy driver is deprecated, please migrate to `esp_adc/adc_oneshot.h`[0m
[0;32mI (327) main_task: Started on CPU0[0m
[0;32mI (337) main_task: Calling app_main()[0m
Guru Meditation Error: Core  0 panic'ed (LoadProhibited). Exception was unhandled.

Core  0 register dump:
PC      : 0x40087354  PS      : 0x00060033  A0      : 0x800867b2  A1      : 0x3ffb0e10  
A2      : 0x00000000  A3      : 0x3ffb61a0  A4      : 0x3ffb60b4  A5      : 0x3ffb607c  
A6      : 0x00000000  A7      : 0x00000004  A8      : 0xafd34db4  A9      : 0x3ffb2540  
A10     : 0x00000001  A11     : 0xffffffff  A12     : 0x00000004  A13     : 0x00060023  
A14     : 0x00000070  A15     : 0x0000cdcd  SAR     : 0x00000004  EXCCAUSE: 0x0000001c  
EXCVADDR: 0xafd34db4  LBEG    : 0x400014fd  LEND    : 0x4000150d  LCOUNT  : 0xffffffe5  


Backtrace: 0x40087351:0x3ffb0e10 0x400867af:0x3ffb0e30 0x400864e9:0x3ffb0e50 0x40082f5a:0x3ffb0e60 0x4000c525:0x3ffb6240 0x400d551e:0x3ffb6260 0x40086021:0x3ffb6ae0




ELF file SHA256: 214c211e3

Rebooting...
ets Jul 29 2019 12:21:46

rst:0xc (SW_CPU_RESET),boot:0x13 (SPI_FAST_FLASH_BOOT)
configsip: 0, SPIWP:0xee
clk_drv:0x00,q_drv:0x00,d_drv:0x00,cs0_drv:0x00,hd_drv:0x00,wp_drv:0x00
mode:DIO, clock div:2
load:0x3fff0030,len:7172
load:0x40078000,len:15540
load:0x40080400,len:4
ho 8 tail 4 room 4
load:0x40080404,len:3904
entry 0x40080640
[0;32mI (31) boot: ESP-IDF v5.2.1 2nd stage bootloader[0m
[0;32mI (31) boot: compile time Apr 12 2024 00:38:33[0m
[0;32mI (31) boot: Multicore bootloader[0m
[0;32mI (35) boot: chip revision: v3.1[0m
[0;32mI (39) boot.esp32: SPI Speed      : 40MHz[0m
[0;32mI (44) boot.esp32: SPI Mode       : DIO[0m
[0;32mI (48) boot.esp32: SPI Flash Size : 2MB[0m
[0;32mI (53) boot: Enabling RNG early entropy source...[0m
[0;32mI (58) boot: Partition Table:[0m
[0;32mI (62) boot: ## Label            Usage          Type ST Offset   Length[0m
[0;32mI (69) boot:  0 nvs              WiFi data        01 02 00009000 00006000[0m
[0;32mI (76) boot:  1 phy_init         RF data          01 01 0000f000 00001000[0m
[0;32mI (84) boot:  2 factory          factory app      00 00 00010000 00100000[0m
[0;32mI (91) boot: End of partition table[0m
[0;32mI (96) esp_image: segment 0: paddr=00010020 vaddr=3f400020 size=09e30h ( 40496) map[0m
[0;32mI (118) esp_image: segment 1: paddr=00019e58 vaddr=3ffb0000 size=02214h (  8724) load[0m
[0;32mI (122) esp_image: segment 2: paddr=0001c074 vaddr=40080000 size=03fa4h ( 16292) load[0m
[0;32mI (130) esp_image: segment 3: paddr=00020020 vaddr=400d0020 size=1d87ch (120956) map[0m
[0;32mI (174) esp_image: segment 4: paddr=0003d8a4 vaddr=40083fa4 size=0878ch ( 34700) load[0m
[0;32mI (194) boot: Loaded app from partition at offset 0x10000[0m
[0;32mI (194) boot: Disabling RNG early entropy source...[0m
[0;32mI (205) cpu_start: Multicore app[0m
[0;32mI (214) cpu_start: Pro cpu start user code[0m
[0;32mI (214) cpu_start: cpu freq: 160000000 Hz[0m
[0;32mI (214) cpu_start: Application information:[0m
[0;32mI (217) cpu_start: Project name:     do_an_ADC[0m
[0;32mI (222) cpu_start: App version:      1[0m
[0;32mI (227) cpu_start: Compile time:     Apr 12 2024 00:47:30[0m
[0;32mI (233) cpu_start: ELF file SHA256:  214c211e3...[0m
[0;32mI (238) cpu_start: ESP-IDF:          v5.2.1[0m
[0;32mI (243) cpu_start: Min chip rev:     v0.0[0m
[0;32mI (248) cpu_start: Max chip rev:     v3.99 [0m
[0;32mI (253) cpu_start: Chip rev:         v3.1[0m
[0;32mI (258) heap_init: Initializing. RAM available for dynamic allocation:[0m
[0;32mI (265) heap_init: At 3FFAE6E0 len 00001920 (6 KiB): DRAM[0m
[0;32mI (271) heap_init: At 3FFB2AE0 len 0002D520 (181 KiB): DRAM[0m
[0;32mI (277) heap_init: At 3FFE0440 len 00003AE0 (14 KiB): D/IRAM[0m
[0;32mI (283) heap_init: At 3FFE4350 len 0001BCB0 (111 KiB): D/IRAM[0m
[0;32mI (290) heap_init: At 4008C730 len 000138D0 (78 KiB): IRAM[0m
[0;32mI (297) spi_flash: detected chip: generic[0m
[0;32mI (301) spi_flash: flash io: dio[0m
[0;33mW (304) spi_flash: Detected size(4096k) larger than the size in the binary image header(2048k). Using the size in the binary image header.[0m
[0;33mW (318) ADC: legacy driver is deprecated, please migrate to `esp_adc/adc_oneshot.h`[0m
[0;32mI (327) main_task: Started on CPU0[0m
[0;32mI (337) main_task: Calling app_main()[0m
Guru Meditation Error: Core  0 panic'ed (LoadProhibited). Exception was unhandled.

Core  0 register dump:
PC      : 0x40087354  PS      : 0x00060033  A0      : 0x800867b2  A1      : 0x3ffb0e10  
A2      : 0x00000000  A3      : 0x3ffb61a0  A4      : 0x3ffb60b4  A5      : 0x3ffb607c  
A6      : 0x00000000  A7      : 0x00000004  A8      : 0xafd361b4  A9      : 0x3ffb2540  
A10     : 0x00000001  A11     : 0xffffffff  A12     : 0x00000004  A13     : 0x00060023  
A14     : 0x00000070  A15     : 0x0000cdcd  SAR     : 0x00000004  EXCCAUSE: 0x0000001c  
EXCVADDR: 0xafd361b4  LBEG    : 0x400014fd  LEND    : 0x4000150d  LCOUNT  : 0xffffffe5  


Backtrace: 0x40087351:0x3ffb0e10 0x400867af:0x3ffb0e30 0x400864e9:0x3ffb0e50 0x40082f5a:0x3ffb0e60 0x4000c525:0x3ffb6240 0x400d551e:0x3ffb6260 0x40086021:0x3ffb6ae0




ELF file SHA256: 214c211e3

Rebooting...
ets Jul 29 2019 12:21:46

rst:0xc (SW_CPU_RESET),boot:0x13 (SPI_FAST_FLASH_BOOT)
configsip: 0, SPIWP:0xee
clk_drv:0x00,q_drv:0x00,d_drv:0x00,cs0_drv:0x00,hd_drv:0x00,wp_drv:0x00
mode:DIO, clock div:2
load:0x3fff0030,len:7172
load:0x40078000,len:15540
load:0x40080400,len:4
ho 8 tail 4 room 4
load:0x40080404,len:3904
entry 0x40080640
[0;32mI (31) boot: ESP-IDF v5.2.1 2nd stage bootloader[0m
[0;32mI (31) boot: compile time Apr 12 2024 00:38:33[0m
[0;32mI (31) boot: Multicore bootloader[0m
[0;32mI (35) boot: chip revision: v3.1[0m
[0;32mI (39) boot.esp32: SPI Speed      : 40MHz[0m
[0;32mI (44) boot.esp32: SPI Mode       : DIO[0m
[0;32mI (48) boot.esp32: SPI Flash Size : 2MB[0m
[0;32mI (53) boot: Enabling RNG early entropy source...[0m
[0;32mI (58) boot: Partition Table:[0m
[0;32mI (62) boot: ## Label            Usage          Type ST Offset   Length[0m
[0;32mI (69) boot:  0 nvs              WiFi data        01 02 00009000 00006000[0m
[0;32mI (76) boot:  1 phy_init         RF data          01 01 0000f000 00001000[0m
[0;32mI (84) boot:  2 factory          factory app      00 00 00010000 00100000[0m
[0;32mI (91) boot: End of partition table[0m
[0;32mI (96) esp_image: segment 0: paddr=00010020 vaddr=3f400020 size=09e30h ( 40496) map[0m
[0;32mI (118) esp_image: segment 1: paddr=00019e58 vaddr=3ffb0000 size=02214h (  8724) load[0m
[0;32mI (122) esp_image: segment 2: paddr=0001c074 vaddr=40080000 size=03fa4h ( 16292) load[0m
[0;32mI (130) esp_image: segment 3: paddr=00020020 vaddr=400d0020 size=1d87ch (120956) map[0m
[0;32mI (174) esp_image: segment 4: paddr=0003d8a4 vaddr=40083fa4 size=0878ch ( 34700) load[0m
[0;32mI (194) boot: Loaded app from partition at offset 0x10000[0m
[0;32mI (194) boot: Disabling RNG early entropy source...[0m
[0;32mI (205) cpu_start: Multicore app[0m
[0;32mI (214) cpu_start: Pro cpu start user code[0m
[0;32mI (214) cpu_start: cpu freq: 160000000 Hz[0m
[0;32mI (214) cpu_start: Application information:[0m
[0;32mI (217) cpu_start: Project name:     do_an_ADC[0m
[0;32mI (222) cpu_start: App version:      1[0m
[0;32mI (227) cpu_start: Compile time:     Apr 12 2024 00:47:30[0m
[0;32mI (233) cpu_start: ELF file SHA256:  214c211e3...[0m
[0;32mI (238) cpu_start: ESP-IDF:          v5.2.1[0m
[0;32mI (243) cpu_start: Min chip rev:     v0.0[0m
[0;32mI (248) cpu_start: Max chip rev:     v3.99 [0m
[0;32mI (253) cpu_start: Chip rev:         v3.1[0m
[0;32mI (258) heap_init: Initializing. RAM available for dynamic allocation:[0m
[0;32mI (265) heap_init: At 3FFAE6E0 len 00001920 (6 KiB): DRAM[0m
[0;32mI (271) heap_init: At 3FFB2AE0 len 0002D520 (181 KiB): DRAM[0m
[0;32mI (277) heap_init: At 3FFE0440 len 00003AE0 (14 KiB): D/IRAM[0m
[0;32mI (283) heap_init: At 3FFE4350 len 0001BCB0 (111 KiB): D/IRAM[0m
[0;32mI (290) heap_init: At 4008C730 len 000138D0 (78 KiB): IRAM[0m
[0;32mI (297) spi_flash: detected chip: generic[0m
[0;32mI (301) spi_flash: flash io: dio[0m
[0;33mW (304) spi_flash: Detected size(4096k) larger than the size in the binary image header(2048k). Using the size in the binary image header.[0m
[0;33mW (318) ADC: legacy driver is deprecated, please migrate to `esp_adc/adc_oneshot.h`[0m
[0;32mI (327) main_task: Started on CPU0[0m
[0;32mI (337) main_task: Calling app_main()[0m
Guru Meditation Error: Core  0 panic'ed (LoadProhibited). Exception was unhandled.

Core  0 register dump:
PC      : 0x40087354  PS      : 0x00060033  A0      : 0x800867b2  A1      : 0x3ffb0e10  
A2      : 0x00000000  A3      : 0x3ffb61a0  A4      : 0x3ffb60b4  A5      : 0x3ffb607c  
A6      : 0x00000000  A7      : 0x00000004  A8      : 0xb02375b4  A9      : 0x3ffb2540  
A10     : 0x00000001  A11     : 0xffffffff  A12     : 0x00000004  A13     : 0x00060023  
A14     : 0x00000070  A15     : 0x0000cdcd  SAR     : 0x00000004  EXCCAUSE: 0x0000001c  
EXCVADDR: 0xb02375b4  LBEG    : 0x400014fd  LEND    : 0x4000150d  LCOUNT  : 0xffffffe5  


Backtrace: 0x40087351:0x3ffb0e10 0x400867af:0x3ffb0e30 0x400864e9:0x3ffb0e50 0x40082f5a:0x3ffb0e60 0x4000c525:0x3ffb6240 0x400d551e:0x3ffb6260 0x40086021:0x3ffb6ae0




ELF file SHA256: 214c211e3

Rebooting...
ets Jul 29 2019 12:21:46

rst:0xc (SW_CPU_RESET),boot:0x13 (SPI_FAST_FLASH_BOOT)
configsip: 0, SPIWP:0xee
clk_drv:0x00,q_drv:0x00,d_drv:0x00,cs0_drv:0x00,hd_drv:0x00,wp_drv:0x00
mode:DIO, clock div:2
load:0x3fff0030,len:7172
load:0x40078000,len:15540
load:0x40080400,len:4
ho 8 tail 4 room 4
load:0x40080404,len:3904
entry 0x40080640
[0;32mI (31) boot: ESP-IDF v5.2.1 2nd stage bootloader[0m
[0;32mI (31) boot: compile time Apr 12 2024 00:38:33[0m
[0;32mI (31) boot: Multicore bootloader[0m
[0;32mI (35) boot: chip revision: v3.1[0m
[0;32mI (39) boot.esp32: SPI Speed      : 40MHz[0m
[0;32mI (44) boot.esp32: SPI Mode       : DIO[0m
[0;32mI (48) boot.esp32: SPI Flash Size : 2MB[0m
[0;32mI (53) boot: Enabling RNG early entropy source...[0m
[0;32mI (58) boot: Partition Table:[0m
[0;32mI (62) boot: ## Label            Usage          Type ST Offset   Length[0m
[0;32mI (69) boot:  0 nvs              WiFi data        01 02 00009000 00006000[0m
[0;32mI (76) boot:  1 phy_init         RF data          01 01 0000f000 00001000[0m
[0;32mI (84) boot:  2 factory          factory app      00 00 00010000 00100000[0m
[0;32mI (91) boot: End of partition table[0m
[0;32mI (96) esp_image: segment 0: paddr=00010020 vaddr=3f400020 size=09e30h ( 40496) map[0m
[0;32mI (118) esp_image: segment 1: paddr=00019e58 vaddr=3ffb0000 size=02214h (  8724) load[0m
[0;32mI (122) esp_image: segment 2: paddr=0001c074 vaddr=40080000 size=03fa4h ( 16292) load[0m
[0;32mI (130) esp_image: segment 3: paddr=00020020 vaddr=400d0020 size=1d87ch (120956) map[0m
[0;32mI (174) esp_image: segment 4: paddr=0003d8a4 vaddr=40083fa4 size=0878ch ( 34700) load[0m
[0;32mI (194) boot: Loaded app from partition at offset 0x10000[0m
[0;32mI (194) boot: Disabling RNG early entropy source...[0m
[0;32mI (205) cpu_start: Multicore app[0m
[0;32mI (214) cpu_start: Pro cpu start user code[0m
[0;32mI (214) cpu_start: cpu freq: 160000000 Hz[0m
[0;32mI (214) cpu_start: Application information:[0m
[0;32mI (217) cpu_start: Project name:     do_an_ADC[0m
[0;32mI (222) cpu_start: App version:      1[0m
[0;32mI (227) cpu_start: Compile time:     Apr 12 2024 00:47:30[0m
[0;32mI (233) cpu_start: ELF file SHA256:  214c211e3...[0m
[0;32mI (238) cpu_start: ESP-IDF:          v5.2.1[0m
[0;32mI (243) cpu_start: Min chip rev:     v0.0[0m
[0;32mI (248) cpu_start: Max chip rev:     v3.99 [0m
[0;32mI (253) cpu_start: Chip rev:         v3.1[0m
[0;32mI (258) heap_init: Initializing. RAM available for dynamic allocation:[0m
[0;32mI (265) heap_init: At 3FFAE6E0 len 00001920 (6 KiB): DRAM[0m
[0;32mI (271) heap_init: At 3FFB2AE0 len 0002D520 (181 KiB): DRAM[0m
[0;32mI (277) heap_init: At 3FFE0440 len 00003AE0 (14 KiB): D/IRAM[0m
[0;32mI (283) heap_init: At 3FFE4350 len 0001BCB0 (111 KiB): D/IRAM[0m
[0;32mI (290) heap_init: At 4008C730 len 000138D0 (78 KiB): IRAM[0m
[0;32mI (297) spi_flash: detected chip: generic[0m
[0;32mI (301) spi_flash: flash io: dio[0m
[0;33mW (304) spi_flash: Detected size(4096k) larger than the size in the binary image header(2048k). Using the size in the binary image header.[0m
[0;33mW (318) ADC: legacy driver is deprecated, please migrate to `esp_adc/adc_oneshot.h`[0m
[0;32mI (327) main_task: Started on CPU0[0m
[0;32mI (337) main_task: Calling app_main()[0m
Guru Meditation Error: Core  0 panic'ed (LoadProhibited). Exception was unhandled.

Core  0 register dump:
PC      : 0x40087354  PS      : 0x00060033  A0      : 0x800867b2  A1      : 0x3ffb0e10  
A2      : 0x00000000  A3      : 0x3ffb61a0  A4      : 0x3ffb60b4  A5      : 0x3ffb607c  
A6      : 0x00000000  A7      : 0x00000004  A8      : 0xb05f75b4  A9      : 0x3ffb2540  
A10     : 0x00000001  A11     : 0xffffffff  A12     : 0x00000004  A13     : 0x00060023  
A14     : 0x00000070  A15     : 0x0000cdcd  SAR     : 0x00000004  EXCCAUSE: 0x0000001c  
EXCVADDR: 0xb05f75b4  LBEG    : 0x400014fd  LEND    : 0x4000150d  LCOUNT  : 0xffffffe5  


Backtrace: 0x40087351:0x3ffb0e10 0x400867af:0x3ffb0e30 0x400864e9:0x3ffb0e50 0x40082f5a:0x3ffb0e60 0x4000c531:0x3ffb6240 0x400d551e:0x3ffb6260 0x40086021:0x3ffb6ae0




ELF file SHA256: 214c211e3

Rebooting...
ets Jul 29 2019 12:21:46

rst:0xc (SW_CPU_RESET),boot:0x13 (SPI_FAST_FLASH_BOOT)
configsip: 0, SPIWP:0xee
clk_drv:0x00,q_drv:0x00,d_drv:0x00,cs0_drv:0x00,hd_drv:0x00,wp_drv:0x00
mode:DIO, clock div:2
load:0x3fff0030,len:7172
load:0x40078000,len:15540
load:0x40080400,len:4
ho 8 tail 4 room 4
load:0x40080404,len:3904
entry 0x40080640
[0;32mI (31) boot: ESP-IDF v5.2.1 2nd stage bootloader[0m
[0;32mI (31) boot: compile time Apr 12 2024 00:38:33[0m
[0;32mI (31) boot: Multicore bootloader[0m
[0;32mI (35) boot: chip revision: v3.1[0m
[0;32mI (39) boot.esp32: SPI Speed      : 40MHz[0m
[0;32mI (44) boot.esp32: SPI Mode       : DIO[0m
[0;32mI (48) boot.esp32: SPI Flash Size : 2MB[0m
[0;32mI (53) boot: Enabling RNG early entropy source...[0m
[0;32mI (58) boot: Partition Table:[0m
[0;32mI (62) boot: ## Label            Usage          Type ST Offset   Length[0m
[0;32mI (69) boot:  0 nvs              WiFi data        01 02 00009000 00006000[0m
[0;32mI (76) boot:  1 phy_init         RF data          01 01 0000f000 00001000[0m
[0;32mI (84) boot:  2 factory          factory app      00 00 00010000 00100000[0m
[0;32mI (91) boot: End of partition table[0m
[0;32mI (96) esp_image: segment 0: paddr=00010020 vaddr=3f400020 size=09e30h ( 40496) map[0m
[0;32mI (118) esp_image: segment 1: paddr=00019e58 vaddr=3ffb0000 size=02214h (  8724) load[0m
[0;32mI (122) esp_image: segment 2: paddr=0001c074 vaddr=40080000 size=03fa4h ( 16292) load[0m
[0;32mI (130) esp_image: segment 3: paddr=00020020 vaddr=400d0020 size=1d87ch (120956) map[0m
[0;32mI (174) esp_image: segment 4: paddr=0003d8a4 vaddr=40083fa4 size=0878ch ( 34700) load[0m
[0;32mI (194) boot: Loaded app from partition at offset 0x10000[0m
[0;32mI (194) boot: Disabling RNG early entropy source...[0m
[0;32mI (205) cpu_start: Multicore app[0m
[0;32mI (214) cpu_start: Pro cpu start user code[0m
[0;32mI (214) cpu_start: cpu freq: 160000000 Hz[0m
[0;32mI (214) cpu_start: Application information:[0m
[0;32mI (217) cpu_start: Project name:     do_an_ADC[0m
[0;32mI (222) cpu_start: App version:      1[0m
[0;32mI (227) cpu_start: Compile time:     Apr 12 2024 00:47:30[0m
[0;32mI (233) cpu_start: ELF file SHA256:  214c211e3...[0m
[0;32mI (238) cpu_start: ESP-IDF:          v5.2.1[0m
[0;32mI (243) cpu_start: Min chip rev:     v0.0[0m
[0;32mI (248) cpu_start: Max chip rev:     v3.99 [0m
[0;32mI (253) cpu_start: Chip rev:         v3.1[0m
[0;32mI (258) heap_init: Initializing. RAM available for dynamic allocation:[0m
[0;32mI (265) heap_init: At 3FFAE6E0 len 00001920 (6 KiB): DRAM[0m
[0;32mI (271) heap_init: At 3FFB2AE0 len 0002D520 (181 KiB): DRAM[0m
[0;32mI (277) heap_init: At 3FFE0440 len 00003AE0 (14 KiB): D/IRAM[0m
[0;32mI (283) heap_init: At 3FFE4350 len 0001BCB0 (111 KiB): D/IRAM[0m
[0;32mI (290) heap_init: At 4008C730 len 000138D0 (78 KiB): IRAM[0m
[0;32mI (297) spi_flash: detected chip: generic[0m
[0;32mI (301) spi_flash: flash io: dio[0m
[0;33mW (304) spi_flash: Detected size(4096k) larger than the size in the binary image header(2048k). Using the size in the binary image header.[0m
[0;33mW (318) ADC: legacy driver is deprecated, please migrate to `esp_adc/adc_oneshot.h`[0m
[0;32mI (327) main_task: Started on CPU0[0m
[0;32mI (337) main_task: Calling app_main()[0m
Guru Meditation Error: Core  0 panic'ed (LoadProhibited). Exception was unhandled.

Core  0 register dump:
PC      : 0x40087354  PS      : 0x00060033  A0      : 0x800867b2  A1      : 0x3ffb0e10  
A2      : 0x00000000  A3      : 0x3ffb61a0  A4      : 0x3ffb60b4  A5      : 0x3ffb607c  
A6      : 0x00000000  A7      : 0x00000004  A8      : 0xb04b75b4  A9      : 0x3ffb2540  
A10     : 0x00000001  A11     : 0xffffffff  A12     : 0x00000004  A13     : 0x00060023  
A14     : 0x00000070  A15     : 0x0000cdcd  SAR     : 0x00000004  EXCCAUSE: 0x0000001c  
EXCVADDR: 0xb04b75b4  LBEG    : 0x400014fd  LEND    : 0x4000150d  LCOUNT  : 0xffffffe5  


Backtrace: 0x40087351:0x3ffb0e10 0x400867af:0x3ffb0e30 0x400864e9:0x3ffb0e50 0x40082f5a:0x3ffb0e60 0x4000c531:0x3ffb6240 0x400d551e:0x3ffb6260 0x40086021:0x3ffb6ae0




ELF file SHA256: 214c211e3

Rebooting...
ets Jul 29 2019 12:21:46

rst:0xc (SW_CPU_RESET),boot:0x13 (SPI_FAST_FLASH_BOOT)
configsip: 0, SPIWP:0xee
clk_drv:0x00,q_drv:0x00,d_drv:0x00,cs0_drv:0x00,hd_drv:0x00,wp_drv:0x00
mode:DIO, clock div:2
load:0x3fff0030,len:7172
load:0x40078000,len:15540
load:0x40080400,len:4
ho 8 tail 4 room 4
load:0x40080404,len:3904
entry 0x40080640
[0;32mI (31) boot: ESP-IDF v5.2.1 2nd stage bootloader[0m
[0;32mI (31) boot: compile time Apr 12 2024 00:38:33[0m
[0;32mI (31) boot: Multicore bootloader[0m
[0;32mI (35) boot: chip revision: v3.1[0m
[0;32mI (39) boot.esp32: SPI Speed      : 40MHz[0m
[0;32mI (44) boot.esp32: SPI Mode       : DIO[0m
[0;32mI (48) boot.esp32: SPI Flash Size : 2MB[0m
[0;32mI (53) boot: Enabling RNG early entropy source...[0m
[0;32mI (58) boot: Partition Table:[0m
[0;32mI (62) boot: ## Label            Usage          Type ST Offset   Length[0m
[0;32mI (69) boot:  0 nvs              WiFi data        01 02 00009000 00006000[0m
[0;32mI (76) boot:  1 phy_init         RF data          01 01 0000f000 00001000[0m
[0;32mI (84) boot:  2 factory          factory app      00 00 00010000 00100000[0m
[0;32mI (91) boot: End of partition table[0m
[0;32mI (96) esp_image: segment 0: paddr=00010020 vaddr=3f400020 size=09e30h ( 40496) map[0m
[0;32mI (118) esp_image: segment 1: paddr=00019e58 vaddr=3ffb0000 size=02214h (  8724) load[0m
[0;32mI (122) esp_image: segment 2: paddr=0001c074 vaddr=40080000 size=03fa4h ( 16292) load[0m
[0;32mI (130) esp_image: segment 3: paddr=00020020 vaddr=400d0020 size=1d87ch (120956) map[0m
[0;32mI (174) esp_image: segment 4: paddr=0003d8a4 vaddr=40083fa4 size=0878ch ( 34700) load[0m
[0;32mI (194) boot: Loaded app from partition at offset 0x10000[0m
[0;32mI (194) boot: Disabling RNG early entropy source...[0m
[0;32mI (205) cpu_start: Multicore app[0m
[0;32mI (214) cpu_start: Pro cpu start user code[0m
[0;32mI (214) cpu_start: cpu freq: 160000000 Hz[0m
[0;32mI (214) cpu_start: Application information:[0m
[0;32mI (217) cpu_start: Project name:     do_an_ADC[0m
[0;32mI (222) cpu_start: App version:      1[0m
[0;32mI (227) cpu_start: Compile time:     Apr 12 2024 00:47:30[0m
[0;32mI (233) cpu_start: ELF file SHA256:  214c211e3...[0m
[0;32mI (238) cpu_start: ESP-IDF:          v5.2.1[0m
[0;32mI (243) cpu_start: Min chip rev:     v0.0[0m
[0;32mI (248) cpu_start: Max chip rev:     v3.99 [0m
[0;32mI (253) cpu_start: Chip rev:         v3.1[0m
[0;32mI (258) heap_init: Initializing. RAM available for dynamic allocation:[0m
[0;32mI (265) heap_init: At 3FFAE6E0 len 00001920 (6 KiB): DRAM[0m
[0;32mI (271) heap_init: At 3FFB2AE0 len 0002D520 (181 KiB): DRAM[0m
[0;32mI (277) heap_init: At 3FFE0440 len 00003AE0 (14 KiB): D/IRAM[0m
[0;32mI (283) heap_init: At 3FFE4350 len 0001BCB0 (111 KiB): D/IRAM[0m
[0;32mI (290) heap_init: At 4008C730 len 000138D0 (78 KiB): IRAM[0m
[0;32mI (297) spi_flash: detected chip: generic[0m
[0;32mI (301) spi_flash: flash io: dio[0m
[0;33mW (304) spi_flash: Detected size(4096k) larger than the size in the binary image header(2048k). Using the size in the binary image header.[0m
[0;33mW (318) ADC: legacy driver is deprecated, please migrate to `esp_adc/adc_oneshot.h`[0m
[0;32mI (327) main_task: Started on CPU0[0m
[0;32mI (337) main_task: Calling app_main()[0m
Guru Meditation Error: Core  0 panic'ed (LoadProhibited). Exception was unhandled.

Core  0 register dump:
PC      : 0x40087354  PS      : 0x00060033  A0      : 0x800867b2  A1      : 0x3ffb0e10  
A2      : 0x00000000  A3      : 0x3ffb61a0  A4      : 0x3ffb60b4  A5      : 0x3ffb607c  
A6      : 0x00000000  A7      : 0x00000004  A8      : 0xafe79db4  A9      : 0x3ffb2540  
A10     : 0x00000001  A11     : 0xffffffff  A12     : 0x00000004  A13     : 0x00060023  
A14     : 0x00000070  A15     : 0x0000cdcd  SAR     : 0x00000004  EXCCAUSE: 0x0000001c  
EXCVADDR: 0xafe79db4  LBEG    : 0x400014fd  LEND    : 0x4000150d  LCOUNT  : 0xffffffe5  


Backtrace: 0x40087351:0x3ffb0e10 0x400867af:0x3ffb0e30 0x400864e9:0x3ffb0e50 0x40082f5a:0x3ffb0e60 0x4000c52c:0x3ffb6240 0x400d551e:0x3ffb6260 0x40086021:0x3ffb6ae0




ELF file SHA256: 214c211e3

Rebooting...
ets Jul 29 2019 12:21:46

rst:0xc (SW_CPU_RESET),boot:0x13 (SPI_FAST_FLASH_BOOT)
configsip: 0, SPIWP:0xee
clk_drv:0x00,q_drv:0x00,d_drv:0x00,cs0_drv:0x00,hd_drv:0x00,wp_drv:0x00
mode:DIO, clock div:2
load:0x3fff0030,len:7172
load:0x40078000,len:15540
load:0x40080400,len:4
ho 8 tail 4 room 4
load:0x40080404,len:3904
entry 0x40080640
[0;32mI (31) boot: ESP-IDF v5.2.1 2nd stage bootloader[0m
[0;32mI (31) boot: compile time Apr 12 2024 00:38:33[0m
[0;32mI (31) boot: Multicore bootloader[0m
[0;32mI (35) boot: chip revision: v3.1[0m
[0;32mI (39) boot.esp32: SPI Speed      : 40MHz[0m
[0;32mI (44) boot.esp32: SPI Mode       : DIO[0m
[0;32mI (48) boot.esp32: SPI Flash Size : 2MB[0m
[0;32mI (53) boot: Enabling RNG early entropy source...[0m
[0;32mI (58) boot: Partition Table:[0m
[0;32mI (62) boot: ## Label            Usage          Type ST Offset   Length[0m
[0;32mI (69) boot:  0 nvs              WiFi data        01 02 00009000 00006000[0m
[0;32mI (76) boot:  1 phy_init         RF data          01 01 0000f000 00001000[0m
[0;32mI (84) boot:  2 factory          factory app      00 00 00010000 00100000[0m
[0;32mI (91) boot: End of partition table[0m
[0;32mI (96) esp_image: segment 0: paddr=00010020 vaddr=3f400020 size=09e30h ( 40496) map[0m
[0;32mI (118) esp_image: segment 1: paddr=00019e58 vaddr=3ffb0000 size=02214h (  8724) load[0m
[0;32mI (122) esp_image: segment 2: paddr=0001c074 vaddr=40080000 size=03fa4h ( 16292) load[0m
[0;32mI (130) esp_image: segment 3: paddr=00020020 vaddr=400d0020 size=1d87ch (120956) map[0m
[0;32mI (174) esp_image: segment 4: paddr=0003d8a4 vaddr=40083fa4 size=0878ch ( 34700) load[0m
[0;32mI (194) boot: Loaded app from partition at offset 0x10000[0m
[0;32mI (194) boot: Disabling RNG early entropy source...[0m
[0;32mI (205) cpu_start: Multicore app[0m
[0;32mI (214) cpu_start: Pro cpu start user code[0m
[0;32mI (214) cpu_start: cpu freq: 160000000 Hz[0m
[0;32mI (214) cpu_start: Application information:[0m
[0;32mI (217) cpu_start: Project name:     do_an_ADC[0m
[0;32mI (222) cpu_start: App version:      1[0m
[0;32mI (227) cpu_start: Compile time:     Apr 12 2024 00:47:30[0m
[0;32mI (233) cpu_start: ELF file SHA256:  214c211e3...[0m
[0;32mI (238) cpu_start: ESP-IDF:          v5.2.1[0m
[0;32mI (243) cpu_start: Min chip rev:     v0.0[0m
[0;32mI (248) cpu_start: Max chip rev:     v3.99 [0m
[0;32mI (253) cpu_start: Chip rev:         v3.1[0m
[0;32mI (258) heap_init: Initializing. RAM available for dynamic allocation:[0m
[0;32mI (265) heap_init: At 3FFAE6E0 len 00001920 (6 KiB): DRAM[0m
[0;32mI (271) heap_init: At 3FFB2AE0 len 0002D520 (181 KiB): DRAM[0m
[0;32mI (277) heap_init: At 3FFE0440 len 00003AE0 (14 KiB): D/IRAM[0m
[0;32mI (283) heap_init: At 3FFE4350 len 0001BCB0 (111 KiB): D/IRAM[0m
[0;32mI (290) heap_init: At 4008C730 len 000138D0 (78 KiB): IRAM[0m
[0;32mI (297) spi_flash: detected chip: generic[0m
[0;32mI (301) spi_flash: flash io: dio[0m
[0;33mW (304) spi_flash: Detected size(4096k) larger than the size in the binary image header(2048k). Using the size in the binary image header.[0m
[0;33mW (318) ADC: legacy driver is deprecated, please migrate to `esp_adc/adc_oneshot.h`[0m
[0;32mI (327) main_task: Started on CPU0[0m
[0;32mI (337) main_task: Calling app_main()[0m
Guru Meditation Error: Core  0 panic'ed (LoadProhibited). Exception was unhandled.

Core  0 register dump:
PC      : 0x40087354  PS      : 0x00060033  A0      : 0x800867b2  A1      : 0x3ffb0e10  
A2      : 0x00000000  A3      : 0x3ffb61a0  A4      : 0x3ffb60b4  A5      : 0x3ffb607c  
A6      : 0x00000000  A7      : 0x00000004  A8      : 0xb07375b4  A9      : 0x3ffb2540  
A10     : 0x00000001  A11     : 0xffffffff  A12     : 0x00000004  A13     : 0x00060023  
A14     : 0x00000070  A15     : 0x0000cdcd  SAR     : 0x00000004  EXCCAUSE: 0x0000001c  
EXCVADDR: 0xb07375b4  LBEG    : 0x400014fd  LEND    : 0x4000150d  LCOUNT  : 0xffffffe5  


Backtrace: 0x40087351:0x3ffb0e10 0x400867af:0x3ffb0e30 0x400864e9:0x3ffb0e50 0x40082f5a:0x3ffb0e60 0x4000c52c:0x3ffb6240 0x400d551e:0x3ffb6260 0x40086021:0x3ffb6ae0




ELF file SHA256: 214c211e3

Rebooting...
ets Jul 29 2019 12:21:46

rst:0xc (SW_CPU_RESET),boot:0x13 (SPI_FAST_FLASH_BOOT)
configsip: 0, SPIWP:0xee
clk_drv:0x00,q_drv:0x00,d_drv:0x00,cs0_drv:0x00,hd_drv:0x00,wp_drv:0x00
mode:DIO, clock div:2
load:0x3fff0030,len:7172
load:0x40078000,len:15540
load:0x40080400,len:4
ho 8 tail 4 room 4
load:0x40080404,len:3904
entry 0x40080640
[0;32mI (31) boot: ESP-IDF v5.2.1 2nd stage bootloader[0m
[0;32mI (31) boot: compile time Apr 12 2024 00:38:33[0m
[0;32mI (31) boot: Multicore bootloader[0m
[0;32mI (35) boot: chip revision: v3.1[0m
[0;32mI (39) boot.esp32: SPI Speed      : 40MHz[0m
[0;32mI (44) boot.esp32: SPI Mode       : DIO[0m
[0;32mI (48) boot.esp32: SPI Flash Size : 2MB[0m
[0;32mI (53) boot: Enabling RNG early entropy source...[0m
[0;32mI (58) boot: Partition Table:[0m
[0;32mI (62) boot: ## Label            Usage          Type ST Offset   Length[0m
[0;32mI (69) boot:  0 nvs              WiFi data        01 02 00009000 00006000[0m
[0;32mI (76) boot:  1 phy_init         RF data          01 01 0000f000 00001000[0m
[0;32mI (84) boot:  2 factory          factory app      00 00 00010000 00100000[0m
[0;32mI (91) boot: End of partition table[0m
[0;32mI (96) esp_image: segment 0: paddr=00010020 vaddr=3f400020 size=09e30h ( 40496) map[0m
[0;32mI (118) esp_image: segment 1: paddr=00019e58 vaddr=3ffb0000 size=02214h (  8724) load[0m
[0;32mI (122) esp_image: segment 2: paddr=0001c074 vaddr=40080000 size=03fa4h ( 16292) load[0m
[0;32mI (130) esp_image: segment 3: paddr=00020020 vaddr=400d0020 size=1d87ch (120956) map[0m
[0;32mI (174) esp_image: segment 4: paddr=0003d8a4 vaddr=40083fa4 size=0878ch ( 34700) load[0m
[0;32mI (194) boot: Loaded app from partition at offset 0x10000[0m
[0;32mI (194) boot: Disabling RNG early entropy source...[0m
[0;32mI (205) cpu_start: Multicore app[0m
[0;32mI (214) cpu_start: Pro cpu start user code[0m
[0;32mI (214) cpu_start: cpu freq: 160000000 Hz[0m
[0;32mI (214) cpu_start: Application information:[0m
[0;32mI (217) cpu_start: Project name:     do_an_ADC[0m
[0;32mI (222) cpu_start: App version:      1[0m
[0;32mI (227) cpu_start: Compile time:     Apr 12 2024 00:47:30[0m
[0;32mI (233) cpu_start: ELF file SHA256:  214c211e3...[0m
[0;32mI (238) cpu_start: ESP-IDF:          v5.2.1[0m
[0;32mI (243) cpu_start: Min chip rev:     v0.0[0m
[0;32mI (248) cpu_start: Max chip rev:     v3.99 [0m
[0;32mI (253) cpu_start: Chip rev:         v3.1[0m
[0;32mI (258) heap_init: Initializing. RAM available for dynamic allocation:[0m
[0;32mI (265) heap_init: At 3FFAE6E0 len 00001920 (6 KiB): DRAM[0m
[0;32mI (271) heap_init: At 3FFB2AE0 len 0002D520 (181 KiB): DRAM[0m
[0;32mI (277) heap_init: At 3FFE0440 len 00003AE0 (14 KiB): D/IRAM[0m
[0;32mI (283) heap_init: At 3FFE4350 len 0001BCB0 (111 KiB): D/IRAM[0m
[0;32mI (290) heap_init: At 4008C730 len 000138D0 (78 KiB): IRAM[0m
[0;32mI (297) spi_flash: detected chip: generic[0m
[0;32mI (301) spi_flash: flash io: dio[0m
[0;33mW (304) spi_flash: Detected size(4096k) larger than the size in the binary image header(2048k). Using the size in the binary image header.[0m
[0;33mW (318) ADC: legacy driver is deprecated, please migrate to `esp_adc/adc_oneshot.h`[0m
[0;32mI (327) main_task: Started on CPU0[0m
[0;32mI (337) main_task: Calling app_main()[0m
Guru Meditation Error: Core  0 panic'ed (LoadProhibited). Exception was unhandled.

Core  0 register dump:
PC      : 0x40087354  PS      : 0x00060033  A0      : 0x800867b2  A1      : 0x3ffb0e10  
A2      : 0x00000000  A3      : 0x3ffb61a0  A4      : 0x3ffb60b4  A5      : 0x3ffb607c  
A6      : 0x00000000  A7      : 0x00000004  A8      : 0xb04b61b4  A9      : 0x3ffb2540  
A10     : 0x00000001  A11     : 0xffffffff  A12     : 0x00000004  A13     : 0x00060023  
A14     : 0x00000070  A15     : 0x0000cdcd  SAR     : 0x00000004  EXCCAUSE: 0x0000001c  
EXCVADDR: 0xb04b61b4  LBEG    : 0x400014fd  LEND    : 0x4000150d  LCOUNT  : 0xffffffe5  


Backtrace: 0x40087351:0x3ffb0e10 0x400867af:0x3ffb0e30 0x400864e9:0x3ffb0e50 0x40082f5a:0x3ffb0e60 0x4000c52c:0x3ffb6240 0x400d551e:0x3ffb6260 0x40086021:0x3ffb6ae0




ELF file SHA256: 214c211e3

Rebooting...
ets Jul 29 2019 12:21:46

rst:0xc (SW_CPU_RESET),boot:0x13 (SPI_FAST_FLASH_BOOT)
configsip: 0, SPIWP:0xee
clk_drv:0x00,q_drv:0x00,d_drv:0x00,cs0_drv:0x00,hd_drv:0x00,wp_drv:0x00
mode:DIO, clock div:2
load:0x3fff0030,len:7172
load:0x40078000,len:15540
load:0x40080400,len:4
ho 8 tail 4 room 4
load:0x40080404,len:3904
entry 0x40080640
[0;32mI (31) boot: ESP-IDF v5.2.1 2nd stage bootloader[0m
[0;32mI (31) boot: compile time Apr 12 2024 00:38:33[0m
[0;32mI (31) boot: Multicore bootloader[0m
[0;32mI (35) boot: chip revision: v3.1[0m
[0;32mI (39) boot.esp32: SPI Speed      : 40MHz[0m
[0;32mI (44) boot.esp32: SPI Mode       : DIO[0m
[0;32mI (48) boot.esp32: SPI Flash Size : 2MB[0m
[0;32mI (53) boot: Enabling RNG early entropy source...[0m
[0;32mI (58) boot: Partition Table:[0m
[0;32mI (62) boot: ## Label            Usage          Type ST Offset   Length[0m
[0;32mI (69) boot:  0 nvs              WiFi data        01 02 00009000 00006000[0m
[0;32mI (76) boot:  1 phy_init         RF data          01 01 0000f000 00001000[0m
[0;32mI (84) boot:  2 factory          factory app      00 00 00010000 00100000[0m
[0;32mI (91) boot: End of partition table[0m
[0;32mI (96) esp_image: segment 0: paddr=00010020 vaddr=3f400020 size=09e30h ( 40496) map[0m
[0;32mI (118) esp_image: segment 1: paddr=00019e58 vaddr=3ffb0000 size=02214h (  8724) load[0m
[0;32mI (122) esp_image: segment 2: paddr=0001c074 vaddr=40080000 size=03fa4h ( 16292) load[0m
[0;32mI (130) esp_image: segment 3: paddr=00020020 vaddr=400d0020 size=1d87ch (120956) map[0m
[0;32mI (174) esp_image: segment 4: paddr=0003d8a4 vaddr=40083fa4 size=0878ch ( 34700) load[0m
[0;32mI (194) boot: Loaded app from partition at offset 0x10000[0m
[0;32mI (194) boot: Disabling RNG early entropy source...[0m
[0;32mI (205) cpu_start: Multicore app[0m
[0;32mI (214) cpu_start: Pro cpu start user code[0m
[0;32mI (214) cpu_start: cpu freq: 160000000 Hz[0m
[0;32mI (214) cpu_start: Application information:[0m
[0;32mI (217) cpu_start: Project name:     do_an_ADC[0m
[0;32mI (222) cpu_start: App version:      1[0m
[0;32mI (227) cpu_start: Compile time:     Apr 12 2024 00:47:30[0m
[0;32mI (233) cpu_start: ELF file SHA256:  214c211e3...[0m
[0;32mI (238) cpu_start: ESP-IDF:          v5.2.1[0m
[0;32mI (243) cpu_start: Min chip rev:     v0.0[0m
[0;32mI (248) cpu_start: Max chip rev:     v3.99 [0m
[0;32mI (253) cpu_start: Chip rev:         v3.1[0m
[0;32mI (258) heap_init: Initializing. RAM available for dynamic allocation:[0m
[0;32mI (265) heap_init: At 3FFAE6E0 len 00001920 (6 KiB): DRAM[0m
[0;32mI (271) heap_init: At 3FFB2AE0 len 0002D520 (181 KiB): DRAM[0m
[0;32mI (277) heap_init: At 3FFE0440 len 00003AE0 (14 KiB): D/IRAM[0m
[0;32mI (283) heap_init: At 3FFE4350 len 0001BCB0 (111 KiB): D/IRAM[0m
[0;32mI (290) heap_init: At 4008C730 len 000138D0 (78 KiB): IRAM[0m
[0;32mI (297) spi_flash: detected chip: generic[0m
[0;32mI (301) spi_flash: flash io: dio[0m
[0;33mW (304) spi_flash: Detected size(4096k) larger than the size in the binary image header(2048k). Using the size in the binary image header.[0m
[0;33mW (318) ADC: legacy driver is deprecated, please migrate to `esp_adc/adc_oneshot.h`[0m
[0;32mI (327) main_task: Started on CPU0[0m
[0;32mI (337) main_task: Calling app_main()[0m
Guru Meditation Error: Core  0 panic'ed (LoadProhibited). Exception was unhandled.

Core  0 register dump:
PC      : 0x40087354  PS      : 0x00060033  A0      : 0x800867b2  A1      : 0x3ffb0e10  
A2      : 0x00000000  A3      : 0x3ffb61a0  A4      : 0x3ffb60b4  A5      : 0x3ffb607c  
A6      : 0x00000000  A7      : 0x00000004  A8      : 0xb0234db4  A9      : 0x3ffb2540  
A10     : 0x00000001  A11     : 0xffffffff  A12     : 0x00000004  A13     : 0x00060023  
A14     : 0x00000070  A15     : 0x0000cdcd  SAR     : 0x00000004  EXCCAUSE: 0x0000001c  
EXCVADDR: 0xb0234db4  LBEG    : 0x400014fd  LEND    : 0x4000150d  LCOUNT  : 0xffffffe5  


Backtrace: 0x40087351:0x3ffb0e10 0x400867af:0x3ffb0e30 0x400864e9:0x3ffb0e50 0x40082f5a:0x3ffb0e60 0x4000c525:0x3ffb6240 0x400d551e:0x3ffb6260 0x40086021:0x3ffb6ae0




ELF file SHA256: 214c211e3

Rebooting...
ets Jul 29 2019 12:21:46

rst:0xc (SW_CPU_RESET),boot:0x13 (SPI_FAST_FLASH_BOOT)
configsip: 0, SPIWP:0xee
clk_drv:0x00,q_drv:0x00,d_drv:0x00,cs0_drv:0x00,hd_drv:0x00,wp_drv:0x00
mode:DIO, clock div:2
load:0x3fff0030,len:7172
load:0x40078000,len:15540
load:0x40080400,len:4
ho 8 tail 4 room 4
load:0x40080404,len:3904
entry 0x40080640
[0;32mI (31) boot: ESP-IDF v5.2.1 2nd stage bootloader[0m
[0;32mI (31) boot: compile time Apr 12 2024 00:38:33[0m
[0;32mI (31) boot: Multicore bootloader[0m
[0;32mI (35) boot: chip revision: v3.1[0m
[0;32mI (39) boot.esp32: SPI Speed      : 40MHz[0m
[0;32mI (44) boot.esp32: SPI Mode       : DIO[0m
[0;32mI (48) boot.esp32: SPI Flash Size : 2MB[0m
[0;32mI (53) boot: Enabling RNG early entropy source...[0m
[0;32mI (58) boot: Partition Table:[0m
[0;32mI (62) boot: ## Label            Usage          Type ST Offset   Length[0m
[0;32mI (69) boot:  0 nvs              WiFi data        01 02 00009000 00006000[0m
[0;32mI (76) boot:  1 phy_init         RF data          01 01 0000f000 00001000[0m
[0;32mI (84) boot:  2 factory          factory app      00 00 00010000 00100000[0m
[0;32mI (91) boot: End of partition table[0m
[0;32mI (96) esp_image: segment 0: paddr=00010020 vaddr=3f400020 size=09e30h ( 40496) map[0m
[0;32mI (118) esp_image: segment 1: paddr=00019e58 vaddr=3ffb0000 size=02214h (  8724) load[0m
[0;32mI (122) esp_image: segment 2: paddr=0001c074 vaddr=40080000 size=03fa4h ( 16292) load[0m
[0;32mI (130) esp_image: segment 3: paddr=00020020 vaddr=400d0020 size=1d87ch (120956) map[0m
[0;32mI (174) esp_image: segment 4: paddr=0003d8a4 vaddr=40083fa4 size=0878ch ( 34700) load[0m
[0;32mI (194) boot: Loaded app from partition at offset 0x10000[0m
[0;32mI (194) boot: Disabling RNG early entropy source...[0m
[0;32mI (205) cpu_start: Multicore app[0m
[0;32mI (214) cpu_start: Pro cpu start user code[0m
[0;32mI (214) cpu_start: cpu freq: 160000000 Hz[0m
[0;32mI (214) cpu_start: Application information:[0m
[0;32mI (217) cpu_start: Project name:     do_an_ADC[0m
[0;32mI (222) cpu_start: App version:      1[0m
[0;32mI (227) cpu_start: Compile time:     Apr 12 2024 00:47:30[0m
[0;32mI (233) cpu_start: ELF file SHA256:  214c211e3...[0m
[0;32mI (238) cpu_start: ESP-IDF:          v5.2.1[0m
[0;32mI (243) cpu_start: Min chip rev:     v0.0[0m
[0;32mI (248) cpu_start: Max chip rev:     v3.99 [0m
[0;32mI (253) cpu_start: Chip rev:         v3.1[0m
[0;32mI (258) heap_init: Initializing. RAM available for dynamic allocation:[0m
[0;32mI (265) heap_init: At 3FFAE6E0 len 00001920 (6 KiB): DRAM[0m
[0;32mI (271) heap_init: At 3FFB2AE0 len 0002D520 (181 KiB): DRAM[0m
[0;32mI (277) heap_init: At 3FFE0440 len 00003AE0 (14 KiB): D/IRAM[0m
[0;32mI (283) heap_init: At 3FFE4350 len 0001BCB0 (111 KiB): D/IRAM[0m
[0;32mI (290) heap_init: At 4008C730 len 000138D0 (78 KiB): IRAM[0m
[0;32mI (297) spi_flash: detected chip: generic[0m
[0;32mI (301) spi_flash: flash io: dio[0m
[0;33mW (304) spi_flash: Detected size(4096k) larger than the size in the binary image header(2048k). Using the size in the binary image header.[0m
[0;33mW (318) ADC: legacy driver is deprecated, please migrate to `esp_adc/adc_oneshot.h`[0m
[0;32mI (327) main_task: Started on CPU0[0m
[0;32mI (337) main_task: Calling app_main()[0m
Guru Meditation Error: Core  0 panic'ed (LoadProhibited). Exception was unhandled.

Core  0 register dump:
PC      : 0x40087354  PS      : 0x00060033  A0      : 0x800867b2  A1      : 0x3ffb0e10  
A2      : 0x00000000  A3      : 0x3ffb61a0  A4      : 0x3ffb60b4  A5      : 0x3ffb607c  
A6      : 0x00000000  A7      : 0x00000004  A8      : 0xafbf75b4  A9      : 0x3ffb2540  
A10     : 0x00000001  A11     : 0xffffffff  A12     : 0x00000004  A13     : 0x00060023  
A14     : 0x00000070  A15     : 0x0000cdcd  SAR     : 0x00000004  EXCCAUSE: 0x0000001c  
EXCVADDR: 0xafbf75b4  LBEG    : 0x400014fd  LEND    : 0x4000150d  LCOUNT  : 0xffffffe5  


Backtrace: 0x40087351:0x3ffb0e10 0x400867af:0x3ffb0e30 0x400864e9:0x3ffb0e50 0x40082f5a:0x3ffb0e60 0x4000c525:0x3ffb6240 0x400d551e:0x3ffb6260 0x40086021:0x3ffb6ae0




ELF file SHA256: 214c211e3

Rebooting...
ets Jul 29 2019 12:21:46

rst:0xc (SW_CPU_RESET),boot:0x13 (SPI_FAST_FLASH_BOOT)
configsip: 0, SPIWP:0xee
clk_drv:0x00,q_drv:0x00,d_drv:0x00,cs0_drv:0x00,hd_drv:0x00,wp_drv:0x00
mode:DIO, clock div:2
load:0x3fff0030,len:7172
load:0x40078000,len:15540
load:0x40080400,len:4
ho 8 tail 4 room 4
load:0x40080404,len:3904
entry 0x40080640
[0;32mI (31) boot: ESP-IDF v5.2.1 2nd stage bootloader[0m
[0;32mI (31) boot: compile time Apr 12 2024 00:38:33[0m
[0;32mI (31) boot: Multicore bootloader[0m
[0;32mI (35) boot: chip revision: v3.1[0m
[0;32mI (39) boot.esp32: SPI Speed      : 40MHz[0m
[0;32mI (44) boot.esp32: SPI Mode       : DIO[0m
[0;32mI (48) boot.esp32: SPI Flash Size : 2MB[0m
[0;32mI (53) boot: Enabling RNG early entropy source...[0m
[0;32mI (58) boot: Partition Table:[0m
[0;32mI (62) boot: ## Label            Usage          Type ST Offset   Length[0m
[0;32mI (69) boot:  0 nvs              WiFi data        01 02 00009000 00006000[0m
[0;32mI (76) boot:  1 phy_init         RF data          01 01 0000f000 00001000[0m
[0;32mI (84) boot:  2 factory          factory app      00 00 00010000 00100000[0m
[0;32mI (91) boot: End of partition table[0m
[0;32mI (96) esp_image: segment 0: paddr=00010020 vaddr=3f400020 size=09e30h ( 40496) map[0m
[0;32mI (118) esp_image: segment 1: paddr=00019e58 vaddr=3ffb0000 size=02214h (  8724) load[0m
[0;32mI (122) esp_image: segment 2: paddr=0001c074 vaddr=40080000 size=03fa4h ( 16292) load[0m
[0;32mI (130) esp_image: segment 3: paddr=00020020 vaddr=400d0020 size=1d87ch (120956) map[0m
[0;32mI (174) esp_image: segment 4: paddr=0003d8a4 vaddr=40083fa4 size=0878ch ( 34700) load[0m
[0;32mI (194) boot: Loaded app from partition at offset 0x10000[0m
[0;32mI (194) boot: Disabling RNG early entropy source...[0m
[0;32mI (205) cpu_start: Multicore app[0m
[0;32mI (214) cpu_start: Pro cpu start user code[0m
[0;32mI (214) cpu_start: cpu freq: 160000000 Hz[0m
[0;32mI (214) cpu_start: Application information:[0m
[0;32mI (217) cpu_start: Project name:     do_an_ADC[0m
[0;32mI (222) cpu_start: App version:      1[0m
[0;32mI (227) cpu_start: Compile time:     Apr 12 2024 00:47:30[0m
[0;32mI (233) cpu_start: ELF file SHA256:  214c211e3...[0m
[0;32mI (238) cpu_start: ESP-IDF:          v5.2.1[0m
[0;32mI (243) cpu_start: Min chip rev:     v0.0[0m
[0;32mI (248) cpu_start: Max chip rev:     v3.99 [0m
[0;32mI (253) cpu_start: Chip rev:         v3.1[0m
[0;32mI (258) heap_init: Initializing. RAM available for dynamic allocation:[0m
[0;32mI (265) heap_init: At 3FFAE6E0 len 00001920 (6 KiB): DRAM[0m
[0;32mI (271) heap_init: At 3FFB2AE0 len 0002D520 (181 KiB): DRAM[0m
[0;32mI (277) heap_init: At 3FFE0440 len 00003AE0 (14 KiB): D/IRAM[0m
[0;32mI (283) heap_init: At 3FFE4350 len 0001BCB0 (111 KiB): D/IRAM[0m
[0;32mI (290) heap_init: At 4008C730 len 000138D0 (78 KiB): IRAM[0m
[0;32mI (297) spi_flash: detected chip: generic[0m
[0;32mI (301) spi_flash: flash io: dio[0m
[0;33mW (304) spi_flash: Detected size(4096k) larger than the size in the binary image header(2048k). Using the size in the binary image header.[0m
[0;33mW (318) ADC: legacy driver is deprecated, please migrate to `esp_adc/adc_oneshot.h`[0m
[0;32mI (327) main_task: Started on CPU0[0m
[0;32mI (337) main_task: Calling app_main()[0m
Guru Meditation Error: Core  0 panic'ed (LoadProhibited). Exception was unhandled.

Core  0 register dump:
PC      : 0x40087354  PS      : 0x00060033  A0      : 0x800867b2  A1      : 0x3ffb0e10  
A2      : 0x00000000  A3      : 0x3ffb61a0  A4      : 0x3ffb60b4  A5      : 0x3ffb607c  
A6      : 0x00000000  A7      : 0x00000004  A8      : 0xb04b75b4  A9      : 0x3ffb2540  
A10     : 0x00000001  A11     : 0xffffffff  A12     : 0x00000004  A13     : 0x00060023  
A14     : 0x00000070  A15     : 0x0000cdcd  SAR     : 0x00000004  EXCCAUSE: 0x0000001c  
EXCVADDR: 0xb04b75b4  LBEG    : 0x400014fd  LEND    : 0x4000150d  LCOUNT  : 0xffffffe5  


Backtrace: 0x40087351:0x3ffb0e10 0x400867af:0x3ffb0e30 0x400864e9:0x3ffb0e50 0x40082f5a:0x3ffb0e60 0x4000c525:0x3ffb6240 0x400d551e:0x3ffb6260 0x40086021:0x3ffb6ae0




ELF file SHA256: 214c211e3

Rebooting...
ets Jul 29 2019 12:21:46

rst:0xc (SW_CPU_RESET),boot:0x13 (SPI_FAST_FLASH_BOOT)
configsip: 0, SPIWP:0xee
clk_drv:0x00,q_drv:0x00,d_drv:0x00,cs0_drv:0x00,hd_drv:0x00,wp_drv:0x00
mode:DIO, clock div:2
load:0x3fff0030,len:7172
load:0x40078000,len:15540
load:0x40080400,len:4
ho 8 tail 4 room 4
load:0x40080404,len:3904
entry 0x40080640
[0;32mI (31) boot: ESP-IDF v5.2.1 2nd stage bootloader[0m
[0;32mI (31) boot: compile time Apr 12 2024 00:38:33[0m
[0;32mI (31) boot: Multicore bootloader[0m
[0;32mI (35) boot: chip revision: v3.1[0m
[0;32mI (39) boot.esp32: SPI Speed      : 40MHz[0m
[0;32mI (44) boot.esp32: SPI Mode       : DIO[0m
[0;32mI (48) boot.esp32: SPI Flash Size : 2MB[0m
[0;32mI (53) boot: Enabling RNG early entropy source...[0m
[0;32mI (58) boot: Partition Table:[0m
[0;32mI (62) boot: ## Label            Usage          Type ST Offset   Length[0m
[0;32mI (69) boot:  0 nvs              WiFi data        01 02 00009000 00006000[0m
[0;32mI (76) boot:  1 phy_init         RF data          01 01 0000f000 00001000[0m
[0;32mI (84) boot:  2 factory          factory app      00 00 00010000 00100000[0m
[0;32mI (91) boot: End of partition table[0m
[0;32mI (96) esp_image: segment 0: paddr=00010020 vaddr=3f400020 size=09e30h ( 40496) map[0m
[0;32mI (118) esp_image: segment 1: paddr=00019e58 vaddr=3ffb0000 size=02214h (  8724) load[0m
[0;32mI (122) esp_image: segment 2: paddr=0001c074 vaddr=40080000 size=03fa4h ( 16292) load[0m
[0;32mI (130) esp_image: segment 3: paddr=00020020 vaddr=400d0020 size=1d87ch (120956) map[0m
[0;32mI (174) esp_image: segment 4: paddr=0003d8a4 vaddr=40083fa4 size=0878ch ( 34700) load[0m
[0;32mI (194) boot: Loaded app from partition at offset 0x10000[0m
[0;32mI (194) boot: Disabling RNG early entropy source...[0m
[0;32mI (205) cpu_start: Multicore app[0m
[0;32mI (214) cpu_start: Pro cpu start user code[0m
[0;32mI (214) cpu_start: cpu freq: 160000000 Hz[0m
[0;32mI (214) cpu_start: Application information:[0m
[0;32mI (217) cpu_start: Project name:     do_an_ADC[0m
[0;32mI (222) cpu_start: App version:      1[0m
[0;32mI (227) cpu_start: Compile time:     Apr 12 2024 00:47:30[0m
[0;32mI (233) cpu_start: ELF file SHA256:  214c211e3...[0m
[0;32mI (238) cpu_start: ESP-IDF:          v5.2.1[0m
[0;32mI (243) cpu_start: Min chip rev:     v0.0[0m
[0;32mI (248) cpu_start: Max chip rev:     v3.99 [0m
[0;32mI (253) cpu_start: Chip rev:         v3.1[0m
[0;32mI (258) heap_init: Initializing. RAM available for dynamic allocation:[0m
[0;32mI (265) heap_init: At 3FFAE6E0 len 00001920 (6 KiB): DRAM[0m
[0;32mI (271) heap_init: At 3FFB2AE0 len 0002D520 (181 KiB): DRAM[0m
[0;32mI (277) heap_init: At 3FFE0440 len 00003AE0 (14 KiB): D/IRAM[0m
[0;32mI (283) heap_init: At 3FFE4350 len 0001BCB0 (111 KiB): D/IRAM[0m
[0;32mI (290) heap_init: At 4008C730 len 000138D0 (78 KiB): IRAM[0m
[0;32mI (297) spi_flash: detected chip: generic[0m
[0;32mI (301) spi_flash: flash io: dio[0m
[0;33mW (304) spi_flash: Detected size(4096k) larger than the size in the binary image header(2048k). Using the size in the binary image header.[0m
[0;33mW (318) ADC: legacy driver is deprecated, please migrate to `esp_adc/adc_oneshot.h`[0m
[0;32mI (327) main_task: Started on CPU0[0m
[0;32mI (337) main_task: Calling app_main()[0m
Guru Meditation Error: Core  0 panic'ed (LoadProhibited). Exception was unhandled.

Core  0 register dump:
PC      : 0x40087354  PS      : 0x00060033  A0      : 0x800867b2  A1      : 0x3ffb0e10  
A2      : 0x00000000  A3      : 0x3ffb61a0  A4      : 0x3ffb60b4  A5      : 0x3ffb607c  
A6      : 0x00000000  A7      : 0x00000004  A8      : 0xb03775b4  A9      : 0x3ffb2540  
A10     : 0x00000001  A11     : 0xffffffff  A12     : 0x00000004  A13     : 0x00060023  
A14     : 0x00000070  A15     : 0x0000cdcd  SAR     : 0x00000004  EXCCAUSE: 0x0000001c  
EXCVADDR: 0xb03775b4  LBEG    : 0x400014fd  LEND    : 0x4000150d  LCOUNT  : 0xffffffe5  


Backtrace: 0x40087351:0x3ffb0e10 0x400867af:0x3ffb0e30 0x400864e9:0x3ffb0e50 0x40082f5a:0x3ffb0e60 0x4000c525:0x3ffb6240 0x400d551e:0x3ffb6260 0x40086021:0x3ffb6ae0




ELF file SHA256: 214c211e3

Rebooting...
ets Jul 29 2019 12:21:46

rst:0xc (SW_CPU_RESET),boot:0x13 (SPI_FAST_FLASH_BOOT)
configsip: 0, SPIWP:0xee
clk_drv:0x00,q_drv:0x00,d_drv:0x00,cs0_drv:0x00,hd_drv:0x00,wp_drv:0x00
mode:DIO, clock div:2
load:0x3fff0030,len:7172
load:0x40078000,len:15540
load:0x40080400,len:4
ho 8 tail 4 room 4
load:0x40080404,len:3904
entry 0x40080640
[0;32mI (31) boot: ESP-IDF v5.2.1 2nd stage bootloader[0m
[0;32mI (31) boot: compile time Apr 12 2024 00:38:33[0m
[0;32mI (31) boot: Multicore bootloader[0m
[0;32mI (35) boot: chip revision: v3.1[0m
[0;32mI (39) boot.esp32: SPI Speed      : 40MHz[0m
[0;32mI (44) boot.esp32: SPI Mode       : DIO[0m
[0;32mI (48) boot.esp32: SPI Flash Size : 2MB[0m
[0;32mI (53) boot: Enabling RNG early entropy source...[0m
[0;32mI (58) boot: Partition Table:[0m
[0;32mI (62) boot: ## Label            Usage          Type ST Offset   Length[0m
[0;32mI (69) boot:  0 nvs              WiFi data        01 02 00009000 00006000[0m
[0;32mI (76) boot:  1 phy_init         RF data          01 01 0000f000 00001000[0m
[0;32mI (84) boot:  2 factory          factory app      00 00 00010000 00100000[0m
[0;32mI (91) boot: End of partition table[0m
[0;32mI (96) esp_image: segment 0: paddr=00010020 vaddr=3f400020 size=09e30h ( 40496) map[0m
[0;32mI (118) esp_image: segment 1: paddr=00019e58 vaddr=3ffb0000 size=02214h (  8724) load[0m
[0;32mI (122) esp_image: segment 2: paddr=0001c074 vaddr=40080000 size=03fa4h ( 16292) load[0m
[0;32mI (130) esp_image: segment 3: paddr=00020020 vaddr=400d0020 size=1d87ch (120956) map[0m
[0;32mI (174) esp_image: segment 4: paddr=0003d8a4 vaddr=40083fa4 size=0878ch ( 34700) load[0m
[0;32mI (194) boot: Loaded app from partition at offset 0x10000[0m
[0;32mI (194) boot: Disabling RNG early entropy source...[0m
[0;32mI (205) cpu_start: Multicore app[0m
[0;32mI (214) cpu_start: Pro cpu start user code[0m
[0;32mI (214) cpu_start: cpu freq: 160000000 Hz[0m
[0;32mI (214) cpu_start: Application information:[0m
[0;32mI (217) cpu_start: Project name:     do_an_ADC[0m
[0;32mI (222) cpu_start: App version:      1[0m
[0;32mI (227) cpu_start: Compile time:     Apr 12 2024 00:47:30[0m
[0;32mI (233) cpu_start: ELF file SHA256:  214c211e3...[0m
[0;32mI (238) cpu_start: ESP-IDF:          v5.2.1[0m
[0;32mI (243) cpu_start: Min chip rev:     v0.0[0m
[0;32mI (248) cpu_start: Max chip rev:     v3.99 [0m
[0;32mI (253) cpu_start: Chip rev:         v3.1[0m
[0;32mI (258) heap_init: Initializing. RAM available for dynamic allocation:[0m
[0;32mI (265) heap_init: At 3FFAE6E0 len 00001920 (6 KiB): DRAM[0m
[0;32mI (271) heap_init: At 3FFB2AE0 len 0002D520 (181 KiB): DRAM[0m
[0;32mI (277) heap_init: At 3FFE0440 len 00003AE0 (14 KiB): D/IRAM[0m
[0;32mI (283) heap_init: At 3FFE4350 len 0001BCB0 (111 KiB): D/IRAM[0m
[0;32mI (290) heap_init: At 4008C730 len 000138D0 (78 KiB): IRAM[0m
[0;32mI (297) spi_flash: detected chip: generic[0m
[0;32mI (301) spi_flash: flash io: dio[0m
[0;33mW (304) spi_flash: Detected size(4096k) larger than the size in the binary image header(2048k). Using the size in the binary image header.[0m
[0;33mW (318) ADC: legacy driver is deprecated, please migrate to `esp_adc/adc_oneshot.h`[0m
[0;32mI (327) main_task: Started on CPU0[0m
[0;32mI (337) main_task: Calling app_main()[0m
Guru Meditation Error: Core  0 panic'ed (LoadProhibited). Exception was unhandled.

Core  0 register dump:
PC      : 0x40087354  PS      : 0x00060033  A0      : 0x800867b2  A1      : 0x3ffb0e10  
A2      : 0x00000000  A3      : 0x3ffb61a0  A4      : 0x3ffb60b4  A5      : 0x3ffb607c  
A6      : 0x00000000  A7      : 0x00000004  A8      : 0xb03775b4  A9      : 0x3ffb2540  
A10     : 0x00000001  A11     : 0xffffffff  A12     : 0x00000004  A13     : 0x00060023  
A14     : 0x00000070  A15     : 0x0000cdcd  SAR     : 0x00000004  EXCCAUSE: 0x0000001c  
EXCVADDR: 0xb03775b4  LBEG    : 0x400014fd  LEND    : 0x4000150d  LCOUNT  : 0xffffffe5  


Backtrace: 0x40087351:0x3ffb0e10 0x400867af:0x3ffb0e30 0x400864e9:0x3ffb0e50 0x40082f5a:0x3ffb0e60 0x4000c52a:0x3ffb6240 0x400d551e:0x3ffb6260 0x40086021:0x3ffb6ae0




ELF file SHA256: 214c211e3

Rebooting...
ets Jul 29 2019 12:21:46

rst:0xc (SW_CPU_RESET),boot:0x13 (SPI_FAST_FLASH_BOOT)
configsip: 0, SPIWP:0xee
clk_drv:0x00,q_drv:0x00,d_drv:0x00,cs0_drv:0x00,hd_drv:0x00,wp_drv:0x00
mode:DIO, clock div:2
load:0x3fff0030,len:7172
load:0x40078000,len:15540
load:0x40080400,len:4
ho 8 tail 4 room 4
load:0x40080404,len:3904
entry 0x40080640
[0;32mI (31) boot: ESP-IDF v5.2.1 2nd stage bootloader[0m
[0;32mI (31) boot: compile time Apr 12 2024 00:38:33[0m
[0;32mI (31) boot: Multicore bootloader[0m
[0;32mI (35) boot: chip revision: v3.1[0m
[0;32mI (39) boot.esp32: SPI Speed      : 40MHz[0m
[0;32mI (44) boot.esp32: SPI Mode       : DIO[0m
[0;32mI (48) boot.esp32: SPI Flash Size : 2MB[0m
[0;32mI (53) boot: Enabling RNG early entropy source...[0m
[0;32mI (58) boot: Partition Table:[0m
[0;32mI (62) boot: ## Label            Usage          Type ST Offset   Length[0m
[0;32mI (69) boot:  0 nvs              WiFi data        01 02 00009000 00006000[0m
[0;32mI (76) boot:  1 phy_init         RF data          01 01 0000f000 00001000[0m
[0;32mI (84) boot:  2 factory          factory app      00 00 00010000 00100000[0m
[0;32mI (91) boot: End of partition table[0m
[0;32mI (96) esp_image: segment 0: paddr=00010020 vaddr=3f400020 size=09e30h ( 40496) map[0m
[0;32mI (118) esp_image: segment 1: paddr=00019e58 vaddr=3ffb0000 size=02214h (  8724) load[0m
[0;32mI (122) esp_image: segment 2: paddr=0001c074 vaddr=40080000 size=03fa4h ( 16292) load[0m
[0;32mI (130) esp_image: segment 3: paddr=00020020 vaddr=400d0020 size=1d87ch (120956) map[0m
[0;32mI (174) esp_image: segment 4: paddr=0003d8a4 vaddr=40083fa4 size=0878ch ( 34700) load[0m
[0;32mI (194) boot: Loaded app from partition at offset 0x10000[0m
[0;32mI (194) boot: Disabling RNG early entropy source...[0m
[0;32mI (205) cpu_start: Multicore app[0m
[0;32mI (214) cpu_start: Pro cpu start user code[0m
[0;32mI (214) cpu_start: cpu freq: 160000000 Hz[0m
[0;32mI (214) cpu_start: Application information:[0m
[0;32mI (217) cpu_start: Project name:     do_an_ADC[0m
[0;32mI (222) cpu_start: App version:      1[0m
[0;32mI (227) cpu_start: Compile time:     Apr 12 2024 00:47:30[0m
[0;32mI (233) cpu_start: ELF file SHA256:  214c211e3...[0m
[0;32mI (238) cpu_start: ESP-IDF:          v5.2.1[0m
[0;32mI (243) cpu_start: Min chip rev:     v0.0[0m
[0;32mI (248) cpu_start: Max chip rev:     v3.99 [0m
[0;32mI (253) cpu_start: Chip rev:         v3.1[0m
[0;32mI (258) heap_init: Initializing. RAM available for dynamic allocation:[0m
[0;32mI (265) heap_init: At 3FFAE6E0 len 00001920 (6 KiB): DRAM[0m
[0;32mI (271) heap_init: At 3FFB2AE0 len 0002D520 (181 KiB): DRAM[0m
[0;32mI (277) heap_init: At 3FFE0440 len 00003AE0 (14 KiB): D/IRAM[0m
[0;32mI (283) heap_init: At 3FFE4350 len 0001BCB0 (111 KiB): D/IRAM[0m
[0;32mI (290) heap_init: At 4008C730 len 000138D0 (78 KiB): IRAM[0m
[0;32mI (297) spi_flash: detected chip: generic[0m
[0;32mI (301) spi_flash: flash io: dio[0m
[0;33mW (304) spi_flash: Detected size(4096k) larger than the size in the binary image header(2048k). Using the size in the binary image header.[0m
[0;33mW (318) ADC: legacy driver is deprecated, please migrate to `esp_adc/adc_oneshot.h`[0m
[0;32mI (327) main_task: Started on CPU0[0m
[0;32mI (337) main_task: Calling app_main()[0m
Guru Meditation Error: Core  0 panic'ed (LoadProhibited). Exception was unhandled.

Core  0 register dump:
PC      : 0x40087354  PS      : 0x00060033  A0      : 0x800867b2  A1      : 0x3ffb0e10  
A2      : 0x00000000  A3      : 0x3ffb61a0  A4      : 0x3ffb60b4  A5      : 0x3ffb607c  
A6      : 0x00000000  A7      : 0x00000004  A8      : 0xafe79db4  A9      : 0x3ffb2540  
A10     : 0x00000001  A11     : 0xffffffff  A12     : 0x00000004  A13     : 0x00060023  
A14     : 0x00000070  A15     : 0x0000cdcd  SAR     : 0x00000004  EXCCAUSE: 0x0000001c  
EXCVADDR: 0xafe79db4  LBEG    : 0x400014fd  LEND    : 0x4000150d  LCOUNT  : 0xffffffe5  


Backtrace: 0x40087351:0x3ffb0e10 0x400867af:0x3ffb0e30 0x400864e9:0x3ffb0e50 0x40082f5a:0x3ffb0e60 0x4000c527:0x3ffb6240 0x400d551e:0x3ffb6260 0x40086021:0x3ffb6ae0




ELF file SHA256: 214c211e3

Rebooting...
ets Jul 29 2019 12:21:46

rst:0xc (SW_CPU_RESET),boot:0x13 (SPI_FAST_FLASH_BOOT)
configsip: 0, SPIWP:0xee
clk_drv:0x00,q_drv:0x00,d_drv:0x00,cs0_drv:0x00,hd_drv:0x00,wp_drv:0x00
mode:DIO, clock div:2
load:0x3fff0030,len:7172
load:0x40078000,len:15540
load:0x40080400,len:4
ho 8 tail 4 room 4
load:0x40080404,len:3904
entry 0x40080640
[0;32mI (31) boot: ESP-IDF v5.2.1 2nd stage bootloader[0m
[0;32mI (31) boot: compile time Apr 12 2024 00:38:33[0m
[0;32mI (31) boot: Multicore bootloader[0m
[0;32mI (35) boot: chip revision: v3.1[0m
[0;32mI (39) boot.esp32: SPI Speed      : 40MHz[0m
[0;32mI (44) boot.esp32: SPI Mode       : DIO[0m
[0;32mI (48) boot.esp32: SPI Flash Size : 2MB[0m
[0;32mI (53) boot: Enabling RNG early entropy source...[0m
[0;32mI (58) boot: Partition Table:[0m
[0;32mI (62) boot: ## Label            Usage          Type ST Offset   Length[0m
[0;32mI (69) boot:  0 nvs              WiFi data        01 02 00009000 00006000[0m
[0;32mI (76) boot:  1 phy_init         RF data          01 01 0000f000 00001000[0m
[0;32mI (84) boot:  2 factory          factory app      00 00 00010000 00100000[0m
[0;32mI (91) boot: End of partition table[0m
[0;32mI (96) esp_image: segment 0: paddr=00010020 vaddr=3f400020 size=09e30h ( 40496) map[0m
[0;32mI (118) esp_image: segment 1: paddr=00019e58 vaddr=3ffb0000 size=02214h (  8724) load[0m
[0;32mI (122) esp_image: segment 2: paddr=0001c074 vaddr=40080000 size=03fa4h ( 16292) load[0m
[0;32mI (130) esp_image: segment 3: paddr=00020020 vaddr=400d0020 size=1d87ch (120956) map[0m
[0;32mI (174) esp_image: segment 4: paddr=0003d8a4 vaddr=40083fa4 size=0878ch ( 34700) load[0m
[0;32mI (194) boot: Loaded app from partition at offset 0x10000[0m
[0;32mI (194) boot: Disabling RNG early entropy source...[0m
[0;32mI (205) cpu_start: Multicore app[0m
[0;32mI (214) cpu_start: Pro cpu start user code[0m
[0;32mI (214) cpu_start: cpu freq: 160000000 Hz[0m
